Copyright 1986-2022 Xilinx, Inc. All Rights Reserved. Copyright 2022-2024 Advanced Micro Devices, Inc. All Rights Reserved.
---------------------------------------------------------------------------------------------------------------------------------------------
| Tool Version : Vivado v.2024.2 (win64) Build 5239630 Fri Nov 08 22:35:27 MST 2024
| Date         : Wed Dec 17 08:49:44 2025
| Host         : LAPTOP-ATBSBNLO running 64-bit major release  (build 9200)
| Command      : report_control_sets -verbose -file Demux_LFSR_Proj_Top_control_sets_placed.rpt
| Design       : Demux_LFSR_Proj_Top
| Device       : xc7a35t
---------------------------------------------------------------------------------------------------------------------------------------------

Control Set Information

Table of Contents
-----------------
1. Summary
2. Histogram
3. Flip-Flop Distribution
4. Detailed Control Set Information

1. Summary
----------

+----------------------------------------------------------+-------+
|                          Status                          | Count |
+----------------------------------------------------------+-------+
| Total control sets                                       |     6 |
|    Minimum number of control sets                        |     6 |
|    Addition due to synthesis replication                 |     0 |
|    Addition due to physical synthesis replication        |     0 |
| Unused register locations in slices containing registers |    26 |
+----------------------------------------------------------+-------+
* Control sets can be merged at opt_design using control_set_merge or merge_equivalent_drivers
** Run report_qor_suggestions for automated merging and remapping suggestions


2. Histogram
------------

+--------------------+-------+
|       Fanout       | Count |
+--------------------+-------+
| Total control sets |     6 |
| >= 0 to < 4        |     2 |
| >= 4 to < 6        |     1 |
| >= 6 to < 8        |     0 |
| >= 8 to < 10       |     0 |
| >= 10 to < 12      |     0 |
| >= 12 to < 14      |     0 |
| >= 14 to < 16      |     0 |
| >= 16              |     3 |
+--------------------+-------+
* Control sets can be remapped at either synth_design or opt_design


3. Flip-Flop Distribution
-------------------------

+--------------+-----------------------+------------------------+-----------------+--------------+
| Clock Enable | Synchronous Set/Reset | Asynchronous Set/Reset | Total Registers | Total Slices |
+--------------+-----------------------+------------------------+-----------------+--------------+
| No           | No                    | No                     |               4 |            2 |
| No           | No                    | Yes                    |               0 |            0 |
| No           | Yes                   | No                     |              40 |           10 |
| Yes          | No                    | No                     |               2 |            2 |
| Yes          | No                    | Yes                    |               0 |            0 |
| Yes          | Yes                   | No                     |              24 |            5 |
+--------------+-----------------------+------------------------+-----------------+--------------+


4. Detailed Control Set Information
-----------------------------------

+------------------+-------------------------------+------------------------------+------------------+----------------+--------------+
|   Clock Signal   |         Enable Signal         |       Set/Reset Signal       | Slice Load Count | Bel Load Count | Bels / Slice |
+------------------+-------------------------------+------------------------------+------------------+----------------+--------------+
|  i_Clk_IBUF_BUFG | Enable_Btn_Inst/r_Btn1_out    |                              |                1 |              1 |         1.00 |
|  i_Clk_IBUF_BUFG | Seed_DV_Btn_Inst/r_Btn1_out   |                              |                1 |              1 |         1.00 |
|  i_Clk_IBUF_BUFG |                               |                              |                2 |              4 |         2.00 |
|  i_Clk_IBUF_BUFG |                               | Enable_Btn_Inst/p_0_in       |                5 |             20 |         4.00 |
|  i_Clk_IBUF_BUFG |                               | Seed_DV_Btn_Inst/p_0_in      |                5 |             20 |         4.00 |
|  i_Clk_IBUF_BUFG | Seed_DV_Btn_Inst/r_Enable_reg | LFSR_Inst/r_LFSR[23]_i_1_n_0 |                5 |             24 |         4.80 |
+------------------+-------------------------------+------------------------------+------------------+----------------+--------------+


