Copyright 1986-2022 Xilinx, Inc. All Rights Reserved. Copyright 2022-2024 Advanced Micro Devices, Inc. All Rights Reserved.
---------------------------------------------------------------------------------------------------------------------------------------------
| Tool Version : Vivado v.2024.2 (win64) Build 5239630 Fri Nov 08 22:35:27 MST 2024
| Date         : Wed Dec 17 16:08:41 2025
| Host         : LAPTOP-ATBSBNLO running 64-bit major release  (build 9200)
| Command      : report_drc -file FIFO_drc_opted.rpt -pb FIFO_drc_opted.pb -rpx FIFO_drc_opted.rpx
| Design       : FIFO
| Device       : xc7a35tcpg236-1
| Speed File   : -1
| Design State : Synthesized
---------------------------------------------------------------------------------------------------------------------------------------------

Report DRC

Table of Contents
-----------------
1. REPORT SUMMARY
2. REPORT DETAILS

1. REPORT SUMMARY
-----------------
            Netlist: netlist
          Floorplan: design_1
      Design limits: <entire design considered>
           Ruledeck: default
             Max checks: <unlimited>
             Checks found: 19
+-----------+------------------+-----------------------------------------------------+--------+
| Rule      | Severity         | Description                                         | Checks |
+-----------+------------------+-----------------------------------------------------+--------+
| NSTD-1    | Critical Warning | Unspecified I/O Standard                            | 1      |
| UCIO-1    | Critical Warning | Unconstrained Logical Port                          | 1      |
| CFGBVS-1  | Warning          | Missing CFGBVS and CONFIG_VOLTAGE Design Properties | 1      |
| REQP-1840 | Warning          | RAMB18 async control check                          | 16     |
+-----------+------------------+-----------------------------------------------------+--------+

2. REPORT DETAILS
-----------------
NSTD-1#1 Critical Warning
Unspecified I/O Standard  
41 out of 41 logical ports use I/O standard (IOSTANDARD) value 'DEFAULT', instead of a user assigned specific value. This may cause I/O contention or incompatibility with the board power or connectivity affecting performance, signal integrity or in extreme cases cause damage to the device or the components to which it is connected. To correct this violation, specify all I/O standards. This design will fail to generate a bitstream unless all logical ports have a user specified I/O standard value defined. To allow bitstream creation with unspecified I/O standard values (not recommended), use this command: set_property SEVERITY {Warning} [get_drc_checks NSTD-1].  NOTE: When using the Vivado Runs infrastructure (e.g. launch_runs Tcl command), add this command to a .tcl file and add that file as a pre-hook for write_bitstream step for the implementation run. Problem ports: i_AE_Level[7:0], i_AF_Level[7:0], i_Clk, i_Rd_En, i_Rst_L, i_Wr_DV,
i_Wr_Data[7:0], o_AE_Flag, o_AF_Flag, o_Empty, o_Full, o_Rd_DV
o_Rd_Data[7:0].
Related violations: <none>

UCIO-1#1 Critical Warning
Unconstrained Logical Port  
41 out of 41 logical ports have no user assigned specific location constraint (LOC). This may cause I/O contention or incompatibility with the board power or connectivity affecting performance, signal integrity or in extreme cases cause damage to the device or the components to which it is connected. To correct this violation, specify all pin locations. This design will fail to generate a bitstream unless all logical ports have a user specified site LOC constraint defined.  To allow bitstream creation with unspecified pin locations (not recommended), use this command: set_property SEVERITY {Warning} [get_drc_checks UCIO-1].  NOTE: When using the Vivado Runs infrastructure (e.g. launch_runs Tcl command), add this command to a .tcl file and add that file as a pre-hook for write_bitstream step for the implementation run.  Problem ports: i_AE_Level[7:0], i_AF_Level[7:0], i_Clk, i_Rd_En, i_Rst_L, i_Wr_DV,
i_Wr_Data[7:0], o_AE_Flag, o_AF_Flag, o_Empty, o_Full, o_Rd_DV
o_Rd_Data[7:0].
Related violations: <none>

CFGBVS-1#1 Warning
Missing CFGBVS and CONFIG_VOLTAGE Design Properties  
Neither the CFGBVS nor CONFIG_VOLTAGE voltage property is set in the current_design.  Configuration bank voltage select (CFGBVS) must be set to VCCO or GND, and CONFIG_VOLTAGE must be set to the correct configuration voltage, in order to determine the I/O voltage support for the pins in bank 0.  It is suggested to specify these either using the 'Edit Device Properties' function in the GUI or directly in the XDC file using the following syntax:

 set_property CFGBVS value1 [current_design]
 #where value1 is either VCCO or GND

 set_property CONFIG_VOLTAGE value2 [current_design]
 #where value2 is the voltage provided to configuration bank 0

Refer to the device configuration user guide for more information.
Related violations: <none>

REQP-1840#1 Warning
RAMB18 async control check  
The RAMB18E1 FIFO_Inst/r_Mem_reg has an input control pin FIFO_Inst/r_Mem_reg/ADDRARDADDR[10] (net: FIFO_Inst/Q[6]) which is driven by a register (r_Wr_Addr_reg[6]) that has an active asychronous set or reset. This may cause corruption of the memory contents and/or read values when the set/reset is asserted and is not analyzed by the default static timing analysis. It is suggested to eliminate the use of a set/reset to registers driving this RAMB pin or else use a synchronous reset in which the assertion of the reset is timed by default.
Related violations: <none>

REQP-1840#2 Warning
RAMB18 async control check  
The RAMB18E1 FIFO_Inst/r_Mem_reg has an input control pin FIFO_Inst/r_Mem_reg/ADDRARDADDR[11] (net: FIFO_Inst/Q[7]) which is driven by a register (r_Wr_Addr_reg[7]) that has an active asychronous set or reset. This may cause corruption of the memory contents and/or read values when the set/reset is asserted and is not analyzed by the default static timing analysis. It is suggested to eliminate the use of a set/reset to registers driving this RAMB pin or else use a synchronous reset in which the assertion of the reset is timed by default.
Related violations: <none>

REQP-1840#3 Warning
RAMB18 async control check  
The RAMB18E1 FIFO_Inst/r_Mem_reg has an input control pin FIFO_Inst/r_Mem_reg/ADDRARDADDR[4] (net: FIFO_Inst/Q[0]) which is driven by a register (r_Wr_Addr_reg[0]) that has an active asychronous set or reset. This may cause corruption of the memory contents and/or read values when the set/reset is asserted and is not analyzed by the default static timing analysis. It is suggested to eliminate the use of a set/reset to registers driving this RAMB pin or else use a synchronous reset in which the assertion of the reset is timed by default.
Related violations: <none>

REQP-1840#4 Warning
RAMB18 async control check  
The RAMB18E1 FIFO_Inst/r_Mem_reg has an input control pin FIFO_Inst/r_Mem_reg/ADDRARDADDR[5] (net: FIFO_Inst/Q[1]) which is driven by a register (r_Wr_Addr_reg[1]) that has an active asychronous set or reset. This may cause corruption of the memory contents and/or read values when the set/reset is asserted and is not analyzed by the default static timing analysis. It is suggested to eliminate the use of a set/reset to registers driving this RAMB pin or else use a synchronous reset in which the assertion of the reset is timed by default.
Related violations: <none>

REQP-1840#5 Warning
RAMB18 async control check  
The RAMB18E1 FIFO_Inst/r_Mem_reg has an input control pin FIFO_Inst/r_Mem_reg/ADDRARDADDR[6] (net: FIFO_Inst/Q[2]) which is driven by a register (r_Wr_Addr_reg[2]) that has an active asychronous set or reset. This may cause corruption of the memory contents and/or read values when the set/reset is asserted and is not analyzed by the default static timing analysis. It is suggested to eliminate the use of a set/reset to registers driving this RAMB pin or else use a synchronous reset in which the assertion of the reset is timed by default.
Related violations: <none>

REQP-1840#6 Warning
RAMB18 async control check  
The RAMB18E1 FIFO_Inst/r_Mem_reg has an input control pin FIFO_Inst/r_Mem_reg/ADDRARDADDR[7] (net: FIFO_Inst/Q[3]) which is driven by a register (r_Wr_Addr_reg[3]) that has an active asychronous set or reset. This may cause corruption of the memory contents and/or read values when the set/reset is asserted and is not analyzed by the default static timing analysis. It is suggested to eliminate the use of a set/reset to registers driving this RAMB pin or else use a synchronous reset in which the assertion of the reset is timed by default.
Related violations: <none>

REQP-1840#7 Warning
RAMB18 async control check  
The RAMB18E1 FIFO_Inst/r_Mem_reg has an input control pin FIFO_Inst/r_Mem_reg/ADDRARDADDR[8] (net: FIFO_Inst/Q[4]) which is driven by a register (r_Wr_Addr_reg[4]) that has an active asychronous set or reset. This may cause corruption of the memory contents and/or read values when the set/reset is asserted and is not analyzed by the default static timing analysis. It is suggested to eliminate the use of a set/reset to registers driving this RAMB pin or else use a synchronous reset in which the assertion of the reset is timed by default.
Related violations: <none>

REQP-1840#8 Warning
RAMB18 async control check  
The RAMB18E1 FIFO_Inst/r_Mem_reg has an input control pin FIFO_Inst/r_Mem_reg/ADDRARDADDR[9] (net: FIFO_Inst/Q[5]) which is driven by a register (r_Wr_Addr_reg[5]) that has an active asychronous set or reset. This may cause corruption of the memory contents and/or read values when the set/reset is asserted and is not analyzed by the default static timing analysis. It is suggested to eliminate the use of a set/reset to registers driving this RAMB pin or else use a synchronous reset in which the assertion of the reset is timed by default.
Related violations: <none>

REQP-1840#9 Warning
RAMB18 async control check  
The RAMB18E1 FIFO_Inst/r_Mem_reg has an input control pin FIFO_Inst/r_Mem_reg/ADDRBWRADDR[10] (net: FIFO_Inst/r_Mem_reg_0[6]) which is driven by a register (r_Rd_Addr_reg[6]) that has an active asychronous set or reset. This may cause corruption of the memory contents and/or read values when the set/reset is asserted and is not analyzed by the default static timing analysis. It is suggested to eliminate the use of a set/reset to registers driving this RAMB pin or else use a synchronous reset in which the assertion of the reset is timed by default.
Related violations: <none>

REQP-1840#10 Warning
RAMB18 async control check  
The RAMB18E1 FIFO_Inst/r_Mem_reg has an input control pin FIFO_Inst/r_Mem_reg/ADDRBWRADDR[11] (net: FIFO_Inst/r_Mem_reg_0[7]) which is driven by a register (r_Rd_Addr_reg[7]) that has an active asychronous set or reset. This may cause corruption of the memory contents and/or read values when the set/reset is asserted and is not analyzed by the default static timing analysis. It is suggested to eliminate the use of a set/reset to registers driving this RAMB pin or else use a synchronous reset in which the assertion of the reset is timed by default.
Related violations: <none>

REQP-1840#11 Warning
RAMB18 async control check  
The RAMB18E1 FIFO_Inst/r_Mem_reg has an input control pin FIFO_Inst/r_Mem_reg/ADDRBWRADDR[4] (net: FIFO_Inst/r_Mem_reg_0[0]) which is driven by a register (r_Rd_Addr_reg[0]) that has an active asychronous set or reset. This may cause corruption of the memory contents and/or read values when the set/reset is asserted and is not analyzed by the default static timing analysis. It is suggested to eliminate the use of a set/reset to registers driving this RAMB pin or else use a synchronous reset in which the assertion of the reset is timed by default.
Related violations: <none>

REQP-1840#12 Warning
RAMB18 async control check  
The RAMB18E1 FIFO_Inst/r_Mem_reg has an input control pin FIFO_Inst/r_Mem_reg/ADDRBWRADDR[5] (net: FIFO_Inst/r_Mem_reg_0[1]) which is driven by a register (r_Rd_Addr_reg[1]) that has an active asychronous set or reset. This may cause corruption of the memory contents and/or read values when the set/reset is asserted and is not analyzed by the default static timing analysis. It is suggested to eliminate the use of a set/reset to registers driving this RAMB pin or else use a synchronous reset in which the assertion of the reset is timed by default.
Related violations: <none>

REQP-1840#13 Warning
RAMB18 async control check  
The RAMB18E1 FIFO_Inst/r_Mem_reg has an input control pin FIFO_Inst/r_Mem_reg/ADDRBWRADDR[6] (net: FIFO_Inst/r_Mem_reg_0[2]) which is driven by a register (r_Rd_Addr_reg[2]) that has an active asychronous set or reset. This may cause corruption of the memory contents and/or read values when the set/reset is asserted and is not analyzed by the default static timing analysis. It is suggested to eliminate the use of a set/reset to registers driving this RAMB pin or else use a synchronous reset in which the assertion of the reset is timed by default.
Related violations: <none>

REQP-1840#14 Warning
RAMB18 async control check  
The RAMB18E1 FIFO_Inst/r_Mem_reg has an input control pin FIFO_Inst/r_Mem_reg/ADDRBWRADDR[7] (net: FIFO_Inst/r_Mem_reg_0[3]) which is driven by a register (r_Rd_Addr_reg[3]) that has an active asychronous set or reset. This may cause corruption of the memory contents and/or read values when the set/reset is asserted and is not analyzed by the default static timing analysis. It is suggested to eliminate the use of a set/reset to registers driving this RAMB pin or else use a synchronous reset in which the assertion of the reset is timed by default.
Related violations: <none>

REQP-1840#15 Warning
RAMB18 async control check  
The RAMB18E1 FIFO_Inst/r_Mem_reg has an input control pin FIFO_Inst/r_Mem_reg/ADDRBWRADDR[8] (net: FIFO_Inst/r_Mem_reg_0[4]) which is driven by a register (r_Rd_Addr_reg[4]) that has an active asychronous set or reset. This may cause corruption of the memory contents and/or read values when the set/reset is asserted and is not analyzed by the default static timing analysis. It is suggested to eliminate the use of a set/reset to registers driving this RAMB pin or else use a synchronous reset in which the assertion of the reset is timed by default.
Related violations: <none>

REQP-1840#16 Warning
RAMB18 async control check  
The RAMB18E1 FIFO_Inst/r_Mem_reg has an input control pin FIFO_Inst/r_Mem_reg/ADDRBWRADDR[9] (net: FIFO_Inst/r_Mem_reg_0[5]) which is driven by a register (r_Rd_Addr_reg[5]) that has an active asychronous set or reset. This may cause corruption of the memory contents and/or read values when the set/reset is asserted and is not analyzed by the default static timing analysis. It is suggested to eliminate the use of a set/reset to registers driving this RAMB pin or else use a synchronous reset in which the assertion of the reset is timed by default.
Related violations: <none>


