Copyright 1986-2022 Xilinx, Inc. All Rights Reserved. Copyright 2022-2024 Advanced Micro Devices, Inc. All Rights Reserved.
---------------------------------------------------------------------------------------------------------------------------------------------
| Tool Version : Vivado v.2024.2 (win64) Build 5239630 Fri Nov 08 22:35:27 MST 2024
| Date         : Wed Dec 17 16:08:47 2025
| Host         : LAPTOP-ATBSBNLO running 64-bit major release  (build 9200)
| Command      : report_control_sets -verbose -file FIFO_control_sets_placed.rpt
| Design       : FIFO
| Device       : xc7a35t
---------------------------------------------------------------------------------------------------------------------------------------------

Control Set Information

Table of Contents
-----------------
1. Summary
2. Histogram
3. Flip-Flop Distribution
4. Detailed Control Set Information

1. Summary
----------

+----------------------------------------------------------+-------+
|                          Status                          | Count |
+----------------------------------------------------------+-------+
| Total control sets                                       |     4 |
|    Minimum number of control sets                        |     4 |
|    Addition due to synthesis replication                 |     0 |
|    Addition due to physical synthesis replication        |     0 |
| Unused register locations in slices containing registers |    12 |
+----------------------------------------------------------+-------+
* Control sets can be merged at opt_design using control_set_merge or merge_equivalent_drivers
** Run report_qor_suggestions for automated merging and remapping suggestions


2. Histogram
------------

+--------------------+-------+
|       Fanout       | Count |
+--------------------+-------+
| Total control sets |     4 |
| >= 0 to < 4        |     1 |
| >= 4 to < 6        |     0 |
| >= 6 to < 8        |     0 |
| >= 8 to < 10       |     3 |
| >= 10 to < 12      |     0 |
| >= 12 to < 14      |     0 |
| >= 14 to < 16      |     0 |
| >= 16              |     0 |
+--------------------+-------+
* Control sets can be remapped at either synth_design or opt_design


3. Flip-Flop Distribution
-------------------------

+--------------+-----------------------+------------------------+-----------------+--------------+
| Clock Enable | Synchronous Set/Reset | Asynchronous Set/Reset | Total Registers | Total Slices |
+--------------+-----------------------+------------------------+-----------------+--------------+
| No           | No                    | No                     |               3 |            2 |
| No           | No                    | Yes                    |               0 |            0 |
| No           | Yes                   | No                     |               0 |            0 |
| Yes          | No                    | No                     |               0 |            0 |
| Yes          | No                    | Yes                    |              25 |            7 |
| Yes          | Yes                   | No                     |               0 |            0 |
+--------------+-----------------------+------------------------+-----------------+--------------+


4. Detailed Control Set Information
-----------------------------------

+------------------+--------------------+------------------+------------------+----------------+--------------+
|   Clock Signal   |    Enable Signal   | Set/Reset Signal | Slice Load Count | Bel Load Count | Bels / Slice |
+------------------+--------------------+------------------+------------------+----------------+--------------+
|  i_Clk_IBUF_BUFG |                    |                  |                2 |              3 |         1.50 |
|  i_Clk_IBUF_BUFG | i_Rd_En_IBUF       | i_Rst_L_IBUF     |                2 |              8 |         4.00 |
|  i_Clk_IBUF_BUFG | i_Wr_DV_IBUF       | i_Rst_L_IBUF     |                2 |              8 |         4.00 |
|  i_Clk_IBUF_BUFG | r_Count[8]_i_1_n_0 | i_Rst_L_IBUF     |                3 |              9 |         3.00 |
+------------------+--------------------+------------------+------------------+----------------+--------------+


