Copyright 1986-2022 Xilinx, Inc. All Rights Reserved. Copyright 2022-2024 Advanced Micro Devices, Inc. All Rights Reserved.
---------------------------------------------------------------------------------------------------------------------------------------------------------------------------------------------------------
| Tool Version : Vivado v.2024.2 (win64) Build 5239630 Fri Nov 08 22:35:27 MST 2024
| Date         : Wed Dec 17 16:09:56 2025
| Host         : LAPTOP-ATBSBNLO running 64-bit major release  (build 9200)
| Command      : report_timing_summary -max_paths 10 -report_unconstrained -file FIFO_timing_summary_routed.rpt -pb FIFO_timing_summary_routed.pb -rpx FIFO_timing_summary_routed.rpx -warn_on_violation
| Design       : FIFO
| Device       : 7a35t-cpg236
| Speed File   : -1  PRODUCTION 1.23 2018-06-13
| Design State : Routed
---------------------------------------------------------------------------------------------------------------------------------------------------------------------------------------------------------

Timing Summary Report

------------------------------------------------------------------------------------------------
| Timer Settings
| --------------
------------------------------------------------------------------------------------------------

  Enable Multi Corner Analysis               :  Yes
  Enable Pessimism Removal                   :  Yes
  Pessimism Removal Resolution               :  Nearest Common Node
  Enable Input Delay Default Clock           :  No
  Enable Preset / Clear Arcs                 :  No
  Disable Flight Delays                      :  No
  Ignore I/O Paths                           :  No
  Timing Early Launch at Borrowing Latches   :  No
  Borrow Time for Max Delay Exceptions       :  Yes
  Merge Timing Exceptions                    :  Yes
  Inter-SLR Compensation                     :  Conservative

  Corner  Analyze    Analyze    
  Name    Max Paths  Min Paths  
  ------  ---------  ---------  
  Slow    Yes        Yes        
  Fast    Yes        Yes        


------------------------------------------------------------------------------------------------
| Report Methodology
| ------------------
------------------------------------------------------------------------------------------------

Rule       Severity          Description                  Violations  
---------  ----------------  ---------------------------  ----------  
TIMING-17  Critical Warning  Non-clocked sequential cell  30          

Note: This report is based on the most recent report_methodology run and may not be up-to-date. Run report_methodology on the current design for the latest report.



check_timing report

Table of Contents
-----------------
1. checking no_clock (30)
2. checking constant_clock (0)
3. checking pulse_width_clock (0)
4. checking unconstrained_internal_endpoints (105)
5. checking no_input_delay (11)
6. checking no_output_delay (13)
7. checking multiple_clock (0)
8. checking generated_clocks (0)
9. checking loops (0)
10. checking partial_input_delay (0)
11. checking partial_output_delay (0)
12. checking latch_loops (0)

1. checking no_clock (30)
-------------------------
 There are 30 register/latch pins with no clock driven by root clock pin: i_Clk (HIGH)


2. checking constant_clock (0)
------------------------------
 There are 0 register/latch pins with constant_clock.


3. checking pulse_width_clock (0)
---------------------------------
 There are 0 register/latch pins which need pulse_width check


4. checking unconstrained_internal_endpoints (105)
--------------------------------------------------
 There are 105 pins that are not constrained for maximum delay. (HIGH)

 There are 0 pins that are not constrained for maximum delay due to constant clock.


5. checking no_input_delay (11)
-------------------------------
 There are 11 input ports with no input delay specified. (HIGH)

 There are 0 input ports with no input delay but user has a false path constraint.


6. checking no_output_delay (13)
--------------------------------
 There are 13 ports with no output delay specified. (HIGH)

 There are 0 ports with no output delay but user has a false path constraint

 There are 0 ports with no output delay but with a timing clock defined on it or propagating through it


7. checking multiple_clock (0)
------------------------------
 There are 0 register/latch pins with multiple clocks.


8. checking generated_clocks (0)
--------------------------------
 There are 0 generated clocks that are not connected to a clock source.


9. checking loops (0)
---------------------
 There are 0 combinational loops in the design.


10. checking partial_input_delay (0)
------------------------------------
 There are 0 input ports with partial input delay specified.


11. checking partial_output_delay (0)
-------------------------------------
 There are 0 ports with partial output delay specified.


12. checking latch_loops (0)
----------------------------
 There are 0 combinational latch loops in the design through latch input



------------------------------------------------------------------------------------------------
| Design Timing Summary
| ---------------------
------------------------------------------------------------------------------------------------

    WNS(ns)      TNS(ns)  TNS Failing Endpoints  TNS Total Endpoints      WHS(ns)      THS(ns)  THS Failing Endpoints  THS Total Endpoints     WPWS(ns)     TPWS(ns)  TPWS Failing Endpoints  TPWS Total Endpoints  
    -------      -------  ---------------------  -------------------      -------      -------  ---------------------  -------------------     --------     --------  ----------------------  --------------------  
        inf        0.000                      0                  118          inf        0.000                      0                  118           NA           NA                      NA                    NA  


There are no user specified timing constraints.


------------------------------------------------------------------------------------------------
| Clock Summary
| -------------
------------------------------------------------------------------------------------------------


------------------------------------------------------------------------------------------------
| Intra Clock Table
| -----------------
------------------------------------------------------------------------------------------------

Clock             WNS(ns)      TNS(ns)  TNS Failing Endpoints  TNS Total Endpoints      WHS(ns)      THS(ns)  THS Failing Endpoints  THS Total Endpoints     WPWS(ns)     TPWS(ns)  TPWS Failing Endpoints  TPWS Total Endpoints  
-----             -------      -------  ---------------------  -------------------      -------      -------  ---------------------  -------------------     --------     --------  ----------------------  --------------------  


------------------------------------------------------------------------------------------------
| Inter Clock Table
| -----------------
------------------------------------------------------------------------------------------------

From Clock    To Clock          WNS(ns)      TNS(ns)  TNS Failing Endpoints  TNS Total Endpoints      WHS(ns)      THS(ns)  THS Failing Endpoints  THS Total Endpoints  
----------    --------          -------      -------  ---------------------  -------------------      -------      -------  ---------------------  -------------------  


------------------------------------------------------------------------------------------------
| Other Path Groups Table
| -----------------------
------------------------------------------------------------------------------------------------

Path Group    From Clock    To Clock          WNS(ns)      TNS(ns)  TNS Failing Endpoints  TNS Total Endpoints      WHS(ns)      THS(ns)  THS Failing Endpoints  THS Total Endpoints  
----------    ----------    --------          -------      -------  ---------------------  -------------------      -------      -------  ---------------------  -------------------  


------------------------------------------------------------------------------------------------
| User Ignored Path Table
| -----------------------
------------------------------------------------------------------------------------------------

Path Group    From Clock    To Clock    
----------    ----------    --------    


------------------------------------------------------------------------------------------------
| Unconstrained Path Table
| ------------------------
------------------------------------------------------------------------------------------------

Path Group    From Clock    To Clock    
----------    ----------    --------    
(none)                                    


------------------------------------------------------------------------------------------------
| Timing Details
| --------------
------------------------------------------------------------------------------------------------


--------------------------------------------------------------------------------------
Path Group:  (none)
From Clock:  
  To Clock:  

Max Delay           118 Endpoints
Min Delay           118 Endpoints
--------------------------------------------------------------------------------------


Max Delay Paths
--------------------------------------------------------------------------------------
Slack:                    inf
  Source:                 i_AF_Level[3]
                            (input port)
  Destination:            o_AF_Flag
                            (output port)
  Path Group:             (none)
  Path Type:              Max at Slow Process Corner
  Data Path Delay:        9.601ns  (logic 4.680ns (48.740%)  route 4.922ns (51.260%))
  Logic Levels:           6  (CARRY4=2 IBUF=1 LUT4=1 LUT5=1 OBUF=1)

    Location             Delay type                Incr(ns)  Path(ns)    Netlist Resource(s)
  -------------------------------------------------------------------    -------------------
    V17                                               0.000     0.000 r  i_AF_Level[3] (IN)
                         net (fo=0)                   0.000     0.000    i_AF_Level[3]
    V17                  IBUF (Prop_ibuf_I_O)         0.938     0.938 r  i_AF_Level_IBUF[3]_inst/O
                         net (fo=4, routed)           1.795     2.733    i_AF_Level_IBUF[3]
    SLICE_X3Y16          LUT4 (Prop_lut4_I3_O)        0.124     2.857 r  o_AF_Flag_OBUF_inst_i_14/O
                         net (fo=2, routed)           0.655     3.512    o_AF_Flag_OBUF_inst_i_14_n_0
    SLICE_X2Y16          LUT5 (Prop_lut5_I0_O)        0.124     3.636 r  o_AF_Flag_OBUF_inst_i_10/O
                         net (fo=1, routed)           0.000     3.636    o_AF_Flag_OBUF_inst_i_10_n_0
    SLICE_X2Y16          CARRY4 (Prop_carry4_S[2]_CO[3])
                                                      0.380     4.016 r  o_AF_Flag_OBUF_inst_i_2/CO[3]
                         net (fo=1, routed)           0.000     4.016    o_AF_Flag_OBUF_inst_i_2_n_0
    SLICE_X2Y17          CARRY4 (Prop_carry4_CI_CO[0])
                                                      0.254     4.270 r  o_AF_Flag_OBUF_inst_i_1/CO[0]
                         net (fo=1, routed)           2.471     6.742    o_AF_Flag_OBUF
    J19                  OBUF (Prop_obuf_I_O)         2.860     9.601 r  o_AF_Flag_OBUF_inst/O
                         net (fo=0)                   0.000     9.601    o_AF_Flag
    J19                                                               r  o_AF_Flag (OUT)
  -------------------------------------------------------------------    -------------------

Slack:                    inf
  Source:                 i_AE_Level[0]
                            (input port)
  Destination:            o_AE_Flag
                            (output port)
  Path Group:             (none)
  Path Type:              Max at Slow Process Corner
  Data Path Delay:        9.013ns  (logic 4.726ns (52.437%)  route 4.287ns (47.563%))
  Logic Levels:           5  (CARRY4=2 IBUF=1 LUT4=1 OBUF=1)

    Location             Delay type                Incr(ns)  Path(ns)    Netlist Resource(s)
  -------------------------------------------------------------------    -------------------
    U14                                               0.000     0.000 r  i_AE_Level[0] (IN)
                         net (fo=0)                   0.000     0.000    i_AE_Level[0]
    U14                  IBUF (Prop_ibuf_I_O)         0.936     0.936 r  i_AE_Level_IBUF[0]_inst/O
                         net (fo=2, routed)           1.788     2.724    i_AE_Level_IBUF[0]
    SLICE_X0Y13          LUT4 (Prop_lut4_I3_O)        0.124     2.848 r  o_AE_Flag_OBUF_inst_i_11/O
                         net (fo=1, routed)           0.000     2.848    o_AE_Flag_OBUF_inst_i_11_n_0
    SLICE_X0Y13          CARRY4 (Prop_carry4_S[0]_CO[3])
                                                      0.532     3.380 r  o_AE_Flag_OBUF_inst_i_2/CO[3]
                         net (fo=1, routed)           0.000     3.380    o_AE_Flag_OBUF_inst_i_2_n_0
    SLICE_X0Y14          CARRY4 (Prop_carry4_CI_CO[0])
                                                      0.271     3.651 r  o_AE_Flag_OBUF_inst_i_1/CO[0]
                         net (fo=1, routed)           2.499     6.150    o_AE_Flag_OBUF
    J17                  OBUF (Prop_obuf_I_O)         2.863     9.013 r  o_AE_Flag_OBUF_inst/O
                         net (fo=0)                   0.000     9.013    o_AE_Flag
    J17                                                               r  o_AE_Flag (OUT)
  -------------------------------------------------------------------    -------------------

Slack:                    inf
  Source:                 i_Wr_DV
                            (input port)
  Destination:            o_Full
                            (output port)
  Path Group:             (none)
  Path Type:              Max at Slow Process Corner
  Data Path Delay:        8.768ns  (logic 4.061ns (46.320%)  route 4.706ns (53.680%))
  Logic Levels:           4  (IBUF=1 LUT5=1 LUT6=1 OBUF=1)

    Location             Delay type                Incr(ns)  Path(ns)    Netlist Resource(s)
  -------------------------------------------------------------------    -------------------
    L17                                               0.000     0.000 r  i_Wr_DV (IN)
                         net (fo=0)                   0.000     0.000    i_Wr_DV
    L17                  IBUF (Prop_ibuf_I_O)         0.961     0.961 r  i_Wr_DV_IBUF_inst/O
                         net (fo=15, routed)          1.617     2.578    i_Wr_DV_IBUF
    SLICE_X2Y15          LUT5 (Prop_lut5_I0_O)        0.150     2.728 r  o_Full_OBUF_inst_i_4/O
                         net (fo=1, routed)           0.452     3.180    o_Full_OBUF_inst_i_4_n_0
    SLICE_X2Y15          LUT6 (Prop_lut6_I5_O)        0.328     3.508 r  o_Full_OBUF_inst_i_1/O
                         net (fo=1, routed)           2.637     6.146    o_Full_OBUF
    G17                  OBUF (Prop_obuf_I_O)         2.622     8.768 r  o_Full_OBUF_inst/O
                         net (fo=0)                   0.000     8.768    o_Full
    G17                                                               r  o_Full (OUT)
  -------------------------------------------------------------------    -------------------

Slack:                    inf
  Source:                 i_Rd_En
                            (input port)
  Destination:            o_Empty
                            (output port)
  Path Group:             (none)
  Path Type:              Max at Slow Process Corner
  Data Path Delay:        8.058ns  (logic 3.649ns (45.287%)  route 4.409ns (54.713%))
  Logic Levels:           3  (IBUF=1 LUT6=1 OBUF=1)

    Location             Delay type                Incr(ns)  Path(ns)    Netlist Resource(s)
  -------------------------------------------------------------------    -------------------
    N17                                               0.000     0.000 r  i_Rd_En (IN)
                         net (fo=0)                   0.000     0.000    i_Rd_En
    N17                  IBUF (Prop_ibuf_I_O)         0.923     0.923 r  i_Rd_En_IBUF_inst/O
                         net (fo=15, routed)          2.069     2.991    i_Rd_En_IBUF
    SLICE_X2Y15          LUT6 (Prop_lut6_I4_O)        0.124     3.115 r  o_Empty_OBUF_inst_i_1/O
                         net (fo=1, routed)           2.340     5.456    o_Empty_OBUF
    K19                  OBUF (Prop_obuf_I_O)         2.603     8.058 r  o_Empty_OBUF_inst/O
                         net (fo=0)                   0.000     8.058    o_Empty
    K19                                                               r  o_Empty (OUT)
  -------------------------------------------------------------------    -------------------

Slack:                    inf
  Source:                 FIFO_Inst/r_Mem_reg/CLKBWRCLK
                            (rising edge-triggered cell RAMB18E1)
  Destination:            o_Rd_Data[7]
                            (output port)
  Path Group:             (none)
  Path Type:              Max at Slow Process Corner
  Data Path Delay:        5.862ns  (logic 3.500ns (59.706%)  route 2.362ns (40.294%))
  Logic Levels:           2  (OBUF=1 RAMB18E1=1)

    Location             Delay type                Incr(ns)  Path(ns)    Netlist Resource(s)
  -------------------------------------------------------------------    -------------------
    RAMB18_X0Y10         RAMB18E1                     0.000     0.000 r  FIFO_Inst/r_Mem_reg/CLKBWRCLK
    RAMB18_X0Y10         RAMB18E1 (Prop_ramb18e1_CLKBWRCLK_DOBDO[7])
                                                      0.882     0.882 r  FIFO_Inst/r_Mem_reg/DOBDO[7]
                         net (fo=1, routed)           2.362     3.244    o_Rd_Data_OBUF[7]
    J18                  OBUF (Prop_obuf_I_O)         2.618     5.862 r  o_Rd_Data_OBUF[7]_inst/O
                         net (fo=0)                   0.000     5.862    o_Rd_Data[7]
    J18                                                               r  o_Rd_Data[7] (OUT)
  -------------------------------------------------------------------    -------------------

Slack:                    inf
  Source:                 FIFO_Inst/r_Mem_reg/CLKBWRCLK
                            (rising edge-triggered cell RAMB18E1)
  Destination:            o_Rd_Data[6]
                            (output port)
  Path Group:             (none)
  Path Type:              Max at Slow Process Corner
  Data Path Delay:        5.845ns  (logic 3.478ns (59.508%)  route 2.367ns (40.492%))
  Logic Levels:           2  (OBUF=1 RAMB18E1=1)

    Location             Delay type                Incr(ns)  Path(ns)    Netlist Resource(s)
  -------------------------------------------------------------------    -------------------
    RAMB18_X0Y10         RAMB18E1                     0.000     0.000 r  FIFO_Inst/r_Mem_reg/CLKBWRCLK
    RAMB18_X0Y10         RAMB18E1 (Prop_ramb18e1_CLKBWRCLK_DOBDO[6])
                                                      0.882     0.882 r  FIFO_Inst/r_Mem_reg/DOBDO[6]
                         net (fo=1, routed)           2.367     3.249    o_Rd_Data_OBUF[6]
    L18                  OBUF (Prop_obuf_I_O)         2.596     5.845 r  o_Rd_Data_OBUF[6]_inst/O
                         net (fo=0)                   0.000     5.845    o_Rd_Data[6]
    L18                                                               r  o_Rd_Data[6] (OUT)
  -------------------------------------------------------------------    -------------------

Slack:                    inf
  Source:                 FIFO_Inst/r_Mem_reg/CLKBWRCLK
                            (rising edge-triggered cell RAMB18E1)
  Destination:            o_Rd_Data[5]
                            (output port)
  Path Group:             (none)
  Path Type:              Max at Slow Process Corner
  Data Path Delay:        5.839ns  (logic 3.494ns (59.834%)  route 2.345ns (40.166%))
  Logic Levels:           2  (OBUF=1 RAMB18E1=1)

    Location             Delay type                Incr(ns)  Path(ns)    Netlist Resource(s)
  -------------------------------------------------------------------    -------------------
    RAMB18_X0Y10         RAMB18E1                     0.000     0.000 r  FIFO_Inst/r_Mem_reg/CLKBWRCLK
    RAMB18_X0Y10         RAMB18E1 (Prop_ramb18e1_CLKBWRCLK_DOBDO[5])
                                                      0.882     0.882 r  FIFO_Inst/r_Mem_reg/DOBDO[5]
                         net (fo=1, routed)           2.345     3.227    o_Rd_Data_OBUF[5]
    K18                  OBUF (Prop_obuf_I_O)         2.612     5.839 r  o_Rd_Data_OBUF[5]_inst/O
                         net (fo=0)                   0.000     5.839    o_Rd_Data[5]
    K18                                                               r  o_Rd_Data[5] (OUT)
  -------------------------------------------------------------------    -------------------

Slack:                    inf
  Source:                 FIFO_Inst/r_Mem_reg/CLKBWRCLK
                            (rising edge-triggered cell RAMB18E1)
  Destination:            o_Rd_Data[3]
                            (output port)
  Path Group:             (none)
  Path Type:              Max at Slow Process Corner
  Data Path Delay:        5.816ns  (logic 3.477ns (59.791%)  route 2.339ns (40.209%))
  Logic Levels:           2  (OBUF=1 RAMB18E1=1)

    Location             Delay type                Incr(ns)  Path(ns)    Netlist Resource(s)
  -------------------------------------------------------------------    -------------------
    RAMB18_X0Y10         RAMB18E1                     0.000     0.000 r  FIFO_Inst/r_Mem_reg/CLKBWRCLK
    RAMB18_X0Y10         RAMB18E1 (Prop_ramb18e1_CLKBWRCLK_DOBDO[3])
                                                      0.882     0.882 r  FIFO_Inst/r_Mem_reg/DOBDO[3]
                         net (fo=1, routed)           2.339     3.221    o_Rd_Data_OBUF[3]
    N19                  OBUF (Prop_obuf_I_O)         2.595     5.816 r  o_Rd_Data_OBUF[3]_inst/O
                         net (fo=0)                   0.000     5.816    o_Rd_Data[3]
    N19                                                               r  o_Rd_Data[3] (OUT)
  -------------------------------------------------------------------    -------------------

Slack:                    inf
  Source:                 FIFO_Inst/r_Mem_reg/CLKBWRCLK
                            (rising edge-triggered cell RAMB18E1)
  Destination:            o_Rd_Data[4]
                            (output port)
  Path Group:             (none)
  Path Type:              Max at Slow Process Corner
  Data Path Delay:        5.667ns  (logic 3.470ns (61.235%)  route 2.197ns (38.765%))
  Logic Levels:           2  (OBUF=1 RAMB18E1=1)

    Location             Delay type                Incr(ns)  Path(ns)    Netlist Resource(s)
  -------------------------------------------------------------------    -------------------
    RAMB18_X0Y10         RAMB18E1                     0.000     0.000 r  FIFO_Inst/r_Mem_reg/CLKBWRCLK
    RAMB18_X0Y10         RAMB18E1 (Prop_ramb18e1_CLKBWRCLK_DOBDO[4])
                                                      0.882     0.882 r  FIFO_Inst/r_Mem_reg/DOBDO[4]
                         net (fo=1, routed)           2.197     3.079    o_Rd_Data_OBUF[4]
    N18                  OBUF (Prop_obuf_I_O)         2.588     5.667 r  o_Rd_Data_OBUF[4]_inst/O
                         net (fo=0)                   0.000     5.667    o_Rd_Data[4]
    N18                                                               r  o_Rd_Data[4] (OUT)
  -------------------------------------------------------------------    -------------------

Slack:                    inf
  Source:                 FIFO_Inst/r_Mem_reg/CLKBWRCLK
                            (rising edge-triggered cell RAMB18E1)
  Destination:            o_Rd_Data[1]
                            (output port)
  Path Group:             (none)
  Path Type:              Max at Slow Process Corner
  Data Path Delay:        5.663ns  (logic 3.478ns (61.419%)  route 2.185ns (38.581%))
  Logic Levels:           2  (OBUF=1 RAMB18E1=1)

    Location             Delay type                Incr(ns)  Path(ns)    Netlist Resource(s)
  -------------------------------------------------------------------    -------------------
    RAMB18_X0Y10         RAMB18E1                     0.000     0.000 r  FIFO_Inst/r_Mem_reg/CLKBWRCLK
    RAMB18_X0Y10         RAMB18E1 (Prop_ramb18e1_CLKBWRCLK_DOBDO[1])
                                                      0.882     0.882 r  FIFO_Inst/r_Mem_reg/DOBDO[1]
                         net (fo=1, routed)           2.185     3.067    o_Rd_Data_OBUF[1]
    R19                  OBUF (Prop_obuf_I_O)         2.596     5.663 r  o_Rd_Data_OBUF[1]_inst/O
                         net (fo=0)                   0.000     5.663    o_Rd_Data[1]
    R19                                                               r  o_Rd_Data[1] (OUT)
  -------------------------------------------------------------------    -------------------





Min Delay Paths
--------------------------------------------------------------------------------------
Slack:                    inf
  Source:                 r_Rd_Addr_reg[7]/C
                            (rising edge-triggered cell FDCE)
  Destination:            FIFO_Inst/r_Mem_reg/ADDRBWRADDR[11]
  Path Group:             (none)
  Path Type:              Min at Fast Process Corner
  Data Path Delay:        0.324ns  (logic 0.164ns (50.614%)  route 0.160ns (49.386%))
  Logic Levels:           1  (FDCE=1)

    Location             Delay type                Incr(ns)  Path(ns)    Netlist Resource(s)
  -------------------------------------------------------------------    -------------------
    SLICE_X8Y27          FDCE                         0.000     0.000 r  r_Rd_Addr_reg[7]/C
    SLICE_X8Y27          FDCE (Prop_fdce_C_Q)         0.164     0.164 r  r_Rd_Addr_reg[7]/Q
                         net (fo=2, routed)           0.160     0.324    FIFO_Inst/r_Mem_reg_0[7]
    RAMB18_X0Y10         RAMB18E1                                     r  FIFO_Inst/r_Mem_reg/ADDRBWRADDR[11]
  -------------------------------------------------------------------    -------------------

Slack:                    inf
  Source:                 r_Wr_Addr_reg[0]/C
                            (rising edge-triggered cell FDCE)
  Destination:            r_Wr_Addr_reg[5]/D
  Path Group:             (none)
  Path Type:              Min at Fast Process Corner
  Data Path Delay:        0.325ns  (logic 0.209ns (64.219%)  route 0.116ns (35.781%))
  Logic Levels:           2  (FDCE=1 LUT6=1)

    Location             Delay type                Incr(ns)  Path(ns)    Netlist Resource(s)
  -------------------------------------------------------------------    -------------------
    SLICE_X8Y26          FDCE                         0.000     0.000 r  r_Wr_Addr_reg[0]/C
    SLICE_X8Y26          FDCE (Prop_fdce_C_Q)         0.164     0.164 r  r_Wr_Addr_reg[0]/Q
                         net (fo=10, routed)          0.116     0.280    r_Wr_Addr_reg_n_0_[0]
    SLICE_X9Y26          LUT6 (Prop_lut6_I2_O)        0.045     0.325 r  r_Wr_Addr[5]_i_1/O
                         net (fo=1, routed)           0.000     0.325    r_Wr_Addr[5]
    SLICE_X9Y26          FDCE                                         r  r_Wr_Addr_reg[5]/D
  -------------------------------------------------------------------    -------------------

Slack:                    inf
  Source:                 r_Rd_Addr_reg[4]/C
                            (rising edge-triggered cell FDCE)
  Destination:            r_Rd_Addr_reg[6]/D
  Path Group:             (none)
  Path Type:              Min at Fast Process Corner
  Data Path Delay:        0.333ns  (logic 0.246ns (73.835%)  route 0.087ns (26.165%))
  Logic Levels:           2  (FDCE=1 LUT6=1)

    Location             Delay type                Incr(ns)  Path(ns)    Netlist Resource(s)
  -------------------------------------------------------------------    -------------------
    SLICE_X8Y27          FDCE                         0.000     0.000 r  r_Rd_Addr_reg[4]/C
    SLICE_X8Y27          FDCE (Prop_fdce_C_Q)         0.148     0.148 r  r_Rd_Addr_reg[4]/Q
                         net (fo=6, routed)           0.087     0.235    r_Rd_Addr_reg_n_0_[4]
    SLICE_X8Y27          LUT6 (Prop_lut6_I1_O)        0.098     0.333 r  r_Rd_Addr[6]_i_1/O
                         net (fo=1, routed)           0.000     0.333    r_Rd_Addr[6]
    SLICE_X8Y27          FDCE                                         r  r_Rd_Addr_reg[6]/D
  -------------------------------------------------------------------    -------------------

Slack:                    inf
  Source:                 r_Wr_Addr_reg[6]/C
                            (rising edge-triggered cell FDCE)
  Destination:            FIFO_Inst/r_Mem_reg/ADDRARDADDR[10]
  Path Group:             (none)
  Path Type:              Min at Fast Process Corner
  Data Path Delay:        0.335ns  (logic 0.164ns (48.968%)  route 0.171ns (51.032%))
  Logic Levels:           1  (FDCE=1)

    Location             Delay type                Incr(ns)  Path(ns)    Netlist Resource(s)
  -------------------------------------------------------------------    -------------------
    SLICE_X8Y26          FDCE                         0.000     0.000 r  r_Wr_Addr_reg[6]/C
    SLICE_X8Y26          FDCE (Prop_fdce_C_Q)         0.164     0.164 r  r_Wr_Addr_reg[6]/Q
                         net (fo=3, routed)           0.171     0.335    FIFO_Inst/Q[6]
    RAMB18_X0Y10         RAMB18E1                                     r  FIFO_Inst/r_Mem_reg/ADDRARDADDR[10]
  -------------------------------------------------------------------    -------------------

Slack:                    inf
  Source:                 r_Wr_Addr_reg[3]/C
                            (rising edge-triggered cell FDCE)
  Destination:            FIFO_Inst/r_Mem_reg/ADDRARDADDR[7]
  Path Group:             (none)
  Path Type:              Min at Fast Process Corner
  Data Path Delay:        0.335ns  (logic 0.164ns (48.920%)  route 0.171ns (51.080%))
  Logic Levels:           1  (FDCE=1)

    Location             Delay type                Incr(ns)  Path(ns)    Netlist Resource(s)
  -------------------------------------------------------------------    -------------------
    SLICE_X8Y26          FDCE                         0.000     0.000 r  r_Wr_Addr_reg[3]/C
    SLICE_X8Y26          FDCE (Prop_fdce_C_Q)         0.164     0.164 r  r_Wr_Addr_reg[3]/Q
                         net (fo=7, routed)           0.171     0.335    FIFO_Inst/Q[3]
    RAMB18_X0Y10         RAMB18E1                                     r  FIFO_Inst/r_Mem_reg/ADDRARDADDR[7]
  -------------------------------------------------------------------    -------------------

Slack:                    inf
  Source:                 r_Rd_Addr_reg[4]/C
                            (rising edge-triggered cell FDCE)
  Destination:            FIFO_Inst/r_Mem_reg/ADDRBWRADDR[8]
  Path Group:             (none)
  Path Type:              Min at Fast Process Corner
  Data Path Delay:        0.339ns  (logic 0.148ns (43.663%)  route 0.191ns (56.337%))
  Logic Levels:           1  (FDCE=1)

    Location             Delay type                Incr(ns)  Path(ns)    Netlist Resource(s)
  -------------------------------------------------------------------    -------------------
    SLICE_X8Y27          FDCE                         0.000     0.000 r  r_Rd_Addr_reg[4]/C
    SLICE_X8Y27          FDCE (Prop_fdce_C_Q)         0.148     0.148 r  r_Rd_Addr_reg[4]/Q
                         net (fo=6, routed)           0.191     0.339    FIFO_Inst/r_Mem_reg_0[4]
    RAMB18_X0Y10         RAMB18E1                                     r  FIFO_Inst/r_Mem_reg/ADDRBWRADDR[8]
  -------------------------------------------------------------------    -------------------

Slack:                    inf
  Source:                 r_Rd_Addr_reg[7]/C
                            (rising edge-triggered cell FDCE)
  Destination:            r_Rd_Addr_reg[7]/D
  Path Group:             (none)
  Path Type:              Min at Fast Process Corner
  Data Path Delay:        0.358ns  (logic 0.209ns (58.331%)  route 0.149ns (41.669%))
  Logic Levels:           2  (FDCE=1 LUT4=1)

    Location             Delay type                Incr(ns)  Path(ns)    Netlist Resource(s)
  -------------------------------------------------------------------    -------------------
    SLICE_X8Y27          FDCE                         0.000     0.000 r  r_Rd_Addr_reg[7]/C
    SLICE_X8Y27          FDCE (Prop_fdce_C_Q)         0.164     0.164 r  r_Rd_Addr_reg[7]/Q
                         net (fo=2, routed)           0.149     0.313    r_Rd_Addr_reg_n_0_[7]
    SLICE_X8Y27          LUT4 (Prop_lut4_I1_O)        0.045     0.358 r  r_Rd_Addr[7]_i_1/O
                         net (fo=1, routed)           0.000     0.358    r_Rd_Addr[7]
    SLICE_X8Y27          FDCE                                         r  r_Rd_Addr_reg[7]/D
  -------------------------------------------------------------------    -------------------

Slack:                    inf
  Source:                 r_Wr_Addr_reg[7]/C
                            (rising edge-triggered cell FDCE)
  Destination:            FIFO_Inst/r_Mem_reg/ADDRARDADDR[11]
  Path Group:             (none)
  Path Type:              Min at Fast Process Corner
  Data Path Delay:        0.362ns  (logic 0.141ns (38.899%)  route 0.221ns (61.101%))
  Logic Levels:           1  (FDCE=1)

    Location             Delay type                Incr(ns)  Path(ns)    Netlist Resource(s)
  -------------------------------------------------------------------    -------------------
    SLICE_X9Y26          FDCE                         0.000     0.000 r  r_Wr_Addr_reg[7]/C
    SLICE_X9Y26          FDCE (Prop_fdce_C_Q)         0.141     0.141 r  r_Wr_Addr_reg[7]/Q
                         net (fo=2, routed)           0.221     0.362    FIFO_Inst/Q[7]
    RAMB18_X0Y10         RAMB18E1                                     r  FIFO_Inst/r_Mem_reg/ADDRARDADDR[11]
  -------------------------------------------------------------------    -------------------

Slack:                    inf
  Source:                 r_Wr_Addr_reg[6]/C
                            (rising edge-triggered cell FDCE)
  Destination:            r_Wr_Addr_reg[6]/D
  Path Group:             (none)
  Path Type:              Min at Fast Process Corner
  Data Path Delay:        0.370ns  (logic 0.209ns (56.430%)  route 0.161ns (43.570%))
  Logic Levels:           2  (FDCE=1 LUT6=1)

    Location             Delay type                Incr(ns)  Path(ns)    Netlist Resource(s)
  -------------------------------------------------------------------    -------------------
    SLICE_X8Y26          FDCE                         0.000     0.000 r  r_Wr_Addr_reg[6]/C
    SLICE_X8Y26          FDCE (Prop_fdce_C_Q)         0.164     0.164 r  r_Wr_Addr_reg[6]/Q
                         net (fo=3, routed)           0.161     0.325    r_Wr_Addr_reg_n_0_[6]
    SLICE_X8Y26          LUT6 (Prop_lut6_I0_O)        0.045     0.370 r  r_Wr_Addr[6]_i_1/O
                         net (fo=1, routed)           0.000     0.370    r_Wr_Addr[6]
    SLICE_X8Y26          FDCE                                         r  r_Wr_Addr_reg[6]/D
  -------------------------------------------------------------------    -------------------

Slack:                    inf
  Source:                 r_Wr_Addr_reg[5]/C
                            (rising edge-triggered cell FDCE)
  Destination:            FIFO_Inst/r_Mem_reg/ADDRARDADDR[9]
  Path Group:             (none)
  Path Type:              Min at Fast Process Corner
  Data Path Delay:        0.371ns  (logic 0.141ns (38.009%)  route 0.230ns (61.991%))
  Logic Levels:           1  (FDCE=1)

    Location             Delay type                Incr(ns)  Path(ns)    Netlist Resource(s)
  -------------------------------------------------------------------    -------------------
    SLICE_X9Y26          FDCE                         0.000     0.000 r  r_Wr_Addr_reg[5]/C
    SLICE_X9Y26          FDCE (Prop_fdce_C_Q)         0.141     0.141 r  r_Wr_Addr_reg[5]/Q
                         net (fo=5, routed)           0.230     0.371    FIFO_Inst/Q[5]
    RAMB18_X0Y10         RAMB18E1                                     r  FIFO_Inst/r_Mem_reg/ADDRARDADDR[9]
  -------------------------------------------------------------------    -------------------





