Copyright 1986-2022 Xilinx, Inc. All Rights Reserved. Copyright 2022-2024 Advanced Micro Devices, Inc. All Rights Reserved.
------------------------------------------------------------------------------------------------------------------------------------------------------------------------------------------------------
| Tool Version : Vivado v.2024.2 (win64) Build 5239630 Fri Nov 08 22:35:27 MST 2024
| Date         : Fri Dec 12 11:33:39 2025
| Host         : LAPTOP-ATBSBNLO running 64-bit major release  (build 9200)
| Command      : report_timing_summary -max_paths 10 -report_unconstrained -file top_timing_summary_routed.rpt -pb top_timing_summary_routed.pb -rpx top_timing_summary_routed.rpx -warn_on_violation
| Design       : top
| Device       : 7a35t-cpg236
| Speed File   : -1  PRODUCTION 1.23 2018-06-13
| Design State : Routed
------------------------------------------------------------------------------------------------------------------------------------------------------------------------------------------------------

Timing Summary Report

------------------------------------------------------------------------------------------------
| Timer Settings
| --------------
------------------------------------------------------------------------------------------------

  Enable Multi Corner Analysis               :  Yes
  Enable Pessimism Removal                   :  Yes
  Pessimism Removal Resolution               :  Nearest Common Node
  Enable Input Delay Default Clock           :  No
  Enable Preset / Clear Arcs                 :  No
  Disable Flight Delays                      :  No
  Ignore I/O Paths                           :  No
  Timing Early Launch at Borrowing Latches   :  No
  Borrow Time for Max Delay Exceptions       :  Yes
  Merge Timing Exceptions                    :  Yes
  Inter-SLR Compensation                     :  Conservative

  Corner  Analyze    Analyze    
  Name    Max Paths  Min Paths  
  ------  ---------  ---------  
  Slow    Yes        Yes        
  Fast    Yes        Yes        


------------------------------------------------------------------------------------------------
| Report Methodology
| ------------------
------------------------------------------------------------------------------------------------

Rule       Severity  Description                    Violations  
---------  --------  -----------------------------  ----------  
TIMING-18  Warning   Missing input or output delay  6           

Note: This report is based on the most recent report_methodology run and may not be up-to-date. Run report_methodology on the current design for the latest report.



check_timing report

Table of Contents
-----------------
1. checking no_clock (0)
2. checking constant_clock (0)
3. checking pulse_width_clock (0)
4. checking unconstrained_internal_endpoints (0)
5. checking no_input_delay (3)
6. checking no_output_delay (3)
7. checking multiple_clock (0)
8. checking generated_clocks (0)
9. checking loops (0)
10. checking partial_input_delay (0)
11. checking partial_output_delay (0)
12. checking latch_loops (0)

1. checking no_clock (0)
------------------------
 There are 0 register/latch pins with no clock.


2. checking constant_clock (0)
------------------------------
 There are 0 register/latch pins with constant_clock.


3. checking pulse_width_clock (0)
---------------------------------
 There are 0 register/latch pins which need pulse_width check


4. checking unconstrained_internal_endpoints (0)
------------------------------------------------
 There are 0 pins that are not constrained for maximum delay.

 There are 0 pins that are not constrained for maximum delay due to constant clock.


5. checking no_input_delay (3)
------------------------------
 There are 3 input ports with no input delay specified. (HIGH)

 There are 0 input ports with no input delay but user has a false path constraint.


6. checking no_output_delay (3)
-------------------------------
 There are 3 ports with no output delay specified. (HIGH)

 There are 0 ports with no output delay but user has a false path constraint

 There are 0 ports with no output delay but with a timing clock defined on it or propagating through it


7. checking multiple_clock (0)
------------------------------
 There are 0 register/latch pins with multiple clocks.


8. checking generated_clocks (0)
--------------------------------
 There are 0 generated clocks that are not connected to a clock source.


9. checking loops (0)
---------------------
 There are 0 combinational loops in the design.


10. checking partial_input_delay (0)
------------------------------------
 There are 0 input ports with partial input delay specified.


11. checking partial_output_delay (0)
-------------------------------------
 There are 0 ports with partial output delay specified.


12. checking latch_loops (0)
----------------------------
 There are 0 combinational latch loops in the design through latch input



------------------------------------------------------------------------------------------------
| Design Timing Summary
| ---------------------
------------------------------------------------------------------------------------------------

    WNS(ns)      TNS(ns)  TNS Failing Endpoints  TNS Total Endpoints      WHS(ns)      THS(ns)  THS Failing Endpoints  THS Total Endpoints     WPWS(ns)     TPWS(ns)  TPWS Failing Endpoints  TPWS Total Endpoints  
    -------      -------  ---------------------  -------------------      -------      -------  ---------------------  -------------------     --------     --------  ----------------------  --------------------  
      8.892        0.000                      0                    3        0.198        0.000                      0                    3        4.500        0.000                       0                     7  


All user specified timing constraints are met.


------------------------------------------------------------------------------------------------
| Clock Summary
| -------------
------------------------------------------------------------------------------------------------

Clock        Waveform(ns)       Period(ns)      Frequency(MHz)
-----        ------------       ----------      --------------
sys_clk_pin  {0.000 5.000}      10.000          100.000         


------------------------------------------------------------------------------------------------
| Intra Clock Table
| -----------------
------------------------------------------------------------------------------------------------

Clock             WNS(ns)      TNS(ns)  TNS Failing Endpoints  TNS Total Endpoints      WHS(ns)      THS(ns)  THS Failing Endpoints  THS Total Endpoints     WPWS(ns)     TPWS(ns)  TPWS Failing Endpoints  TPWS Total Endpoints  
-----             -------      -------  ---------------------  -------------------      -------      -------  ---------------------  -------------------     --------     --------  ----------------------  --------------------  
sys_clk_pin         8.892        0.000                      0                    3        0.198        0.000                      0                    3        4.500        0.000                       0                     7  


------------------------------------------------------------------------------------------------
| Inter Clock Table
| -----------------
------------------------------------------------------------------------------------------------

From Clock    To Clock          WNS(ns)      TNS(ns)  TNS Failing Endpoints  TNS Total Endpoints      WHS(ns)      THS(ns)  THS Failing Endpoints  THS Total Endpoints  
----------    --------          -------      -------  ---------------------  -------------------      -------      -------  ---------------------  -------------------  


------------------------------------------------------------------------------------------------
| Other Path Groups Table
| -----------------------
------------------------------------------------------------------------------------------------

Path Group    From Clock    To Clock          WNS(ns)      TNS(ns)  TNS Failing Endpoints  TNS Total Endpoints      WHS(ns)      THS(ns)  THS Failing Endpoints  THS Total Endpoints  
----------    ----------    --------          -------      -------  ---------------------  -------------------      -------      -------  ---------------------  -------------------  


------------------------------------------------------------------------------------------------
| User Ignored Path Table
| -----------------------
------------------------------------------------------------------------------------------------

Path Group    From Clock    To Clock    
----------    ----------    --------    


------------------------------------------------------------------------------------------------
| Unconstrained Path Table
| ------------------------
------------------------------------------------------------------------------------------------

Path Group    From Clock    To Clock    
----------    ----------    --------    
(none)        sys_clk_pin                 
(none)                      sys_clk_pin   


------------------------------------------------------------------------------------------------
| Timing Details
| --------------
------------------------------------------------------------------------------------------------


---------------------------------------------------------------------------------------------------
From Clock:  sys_clk_pin
  To Clock:  sys_clk_pin

Setup :            0  Failing Endpoints,  Worst Slack        8.892ns,  Total Violation        0.000ns
Hold  :            0  Failing Endpoints,  Worst Slack        0.198ns,  Total Violation        0.000ns
PW    :            0  Failing Endpoints,  Worst Slack        4.500ns,  Total Violation        0.000ns
---------------------------------------------------------------------------------------------------


Max Delay Paths
--------------------------------------------------------------------------------------
Slack (MET) :             8.892ns  (required time - arrival time)
  Source:                 r_LED_1_reg/C
                            (rising edge-triggered cell FDRE clocked by sys_clk_pin  {rise@0.000ns fall@5.000ns period=10.000ns})
  Destination:            r_LED_1_reg/D
                            (rising edge-triggered cell FDRE clocked by sys_clk_pin  {rise@0.000ns fall@5.000ns period=10.000ns})
  Path Group:             sys_clk_pin
  Path Type:              Setup (Max at Slow Process Corner)
  Requirement:            10.000ns  (sys_clk_pin rise@10.000ns - sys_clk_pin rise@0.000ns)
  Data Path Delay:        1.102ns  (logic 0.580ns (52.641%)  route 0.522ns (47.359%))
  Logic Levels:           1  (LUT3=1)
  Clock Path Skew:        0.000ns (DCD - SCD + CPR)
    Destination Clock Delay (DCD):    4.860ns = ( 14.860 - 10.000 ) 
    Source Clock Delay      (SCD):    5.159ns
    Clock Pessimism Removal (CPR):    0.299ns
  Clock Uncertainty:      0.035ns  ((TSJ^2 + TIJ^2)^1/2 + DJ) / 2 + PE
    Total System Jitter     (TSJ):    0.071ns
    Total Input Jitter      (TIJ):    0.000ns
    Discrete Jitter          (DJ):    0.000ns
    Phase Error              (PE):    0.000ns

    Location             Delay type                Incr(ns)  Path(ns)    Netlist Resource(s)
  -------------------------------------------------------------------    -------------------
                         (clock sys_clk_pin rise edge)
                                                      0.000     0.000 r  
    W5                                                0.000     0.000 r  i_Clk (IN)
                         net (fo=0)                   0.000     0.000    i_Clk
    W5                   IBUF (Prop_ibuf_I_O)         1.458     1.458 r  i_Clk_IBUF_inst/O
                         net (fo=1, routed)           1.967     3.425    i_Clk_IBUF
    BUFGCTRL_X0Y0        BUFG (Prop_bufg_I_O)         0.096     3.521 r  i_Clk_IBUF_BUFG_inst/O
                         net (fo=6, routed)           1.638     5.159    i_Clk_IBUF_BUFG
    SLICE_X0Y3           FDRE                                         r  r_LED_1_reg/C
  -------------------------------------------------------------------    -------------------
    SLICE_X0Y3           FDRE (Prop_fdre_C_Q)         0.456     5.615 r  r_LED_1_reg/Q
                         net (fo=2, routed)           0.522     6.137    o_LED_1_OBUF
    SLICE_X0Y3           LUT3 (Prop_lut3_I2_O)        0.124     6.261 r  r_LED_1_i_1/O
                         net (fo=1, routed)           0.000     6.261    r_LED_1_i_1_n_0
    SLICE_X0Y3           FDRE                                         r  r_LED_1_reg/D
  -------------------------------------------------------------------    -------------------

                         (clock sys_clk_pin rise edge)
                                                     10.000    10.000 r  
    W5                                                0.000    10.000 r  i_Clk (IN)
                         net (fo=0)                   0.000    10.000    i_Clk
    W5                   IBUF (Prop_ibuf_I_O)         1.388    11.388 r  i_Clk_IBUF_inst/O
                         net (fo=1, routed)           1.862    13.250    i_Clk_IBUF
    BUFGCTRL_X0Y0        BUFG (Prop_bufg_I_O)         0.091    13.341 r  i_Clk_IBUF_BUFG_inst/O
                         net (fo=6, routed)           1.519    14.860    i_Clk_IBUF_BUFG
    SLICE_X0Y3           FDRE                                         r  r_LED_1_reg/C
                         clock pessimism              0.299    15.159    
                         clock uncertainty           -0.035    15.124    
    SLICE_X0Y3           FDRE (Setup_fdre_C_D)        0.029    15.153    r_LED_1_reg
  -------------------------------------------------------------------
                         required time                         15.153    
                         arrival time                          -6.261    
  -------------------------------------------------------------------
                         slack                                  8.892    

Slack (MET) :             8.892ns  (required time - arrival time)
  Source:                 r_LED_2_reg/C
                            (rising edge-triggered cell FDRE clocked by sys_clk_pin  {rise@0.000ns fall@5.000ns period=10.000ns})
  Destination:            r_LED_2_reg/D
                            (rising edge-triggered cell FDRE clocked by sys_clk_pin  {rise@0.000ns fall@5.000ns period=10.000ns})
  Path Group:             sys_clk_pin
  Path Type:              Setup (Max at Slow Process Corner)
  Requirement:            10.000ns  (sys_clk_pin rise@10.000ns - sys_clk_pin rise@0.000ns)
  Data Path Delay:        1.102ns  (logic 0.580ns (52.641%)  route 0.522ns (47.359%))
  Logic Levels:           1  (LUT3=1)
  Clock Path Skew:        0.000ns (DCD - SCD + CPR)
    Destination Clock Delay (DCD):    4.860ns = ( 14.860 - 10.000 ) 
    Source Clock Delay      (SCD):    5.159ns
    Clock Pessimism Removal (CPR):    0.299ns
  Clock Uncertainty:      0.035ns  ((TSJ^2 + TIJ^2)^1/2 + DJ) / 2 + PE
    Total System Jitter     (TSJ):    0.071ns
    Total Input Jitter      (TIJ):    0.000ns
    Discrete Jitter          (DJ):    0.000ns
    Phase Error              (PE):    0.000ns

    Location             Delay type                Incr(ns)  Path(ns)    Netlist Resource(s)
  -------------------------------------------------------------------    -------------------
                         (clock sys_clk_pin rise edge)
                                                      0.000     0.000 r  
    W5                                                0.000     0.000 r  i_Clk (IN)
                         net (fo=0)                   0.000     0.000    i_Clk
    W5                   IBUF (Prop_ibuf_I_O)         1.458     1.458 r  i_Clk_IBUF_inst/O
                         net (fo=1, routed)           1.967     3.425    i_Clk_IBUF
    BUFGCTRL_X0Y0        BUFG (Prop_bufg_I_O)         0.096     3.521 r  i_Clk_IBUF_BUFG_inst/O
                         net (fo=6, routed)           1.638     5.159    i_Clk_IBUF_BUFG
    SLICE_X0Y43          FDRE                                         r  r_LED_2_reg/C
  -------------------------------------------------------------------    -------------------
    SLICE_X0Y43          FDRE (Prop_fdre_C_Q)         0.456     5.615 r  r_LED_2_reg/Q
                         net (fo=2, routed)           0.522     6.137    o_LED_2_OBUF
    SLICE_X0Y43          LUT3 (Prop_lut3_I2_O)        0.124     6.261 r  r_LED_2_i_1/O
                         net (fo=1, routed)           0.000     6.261    r_LED_2_i_1_n_0
    SLICE_X0Y43          FDRE                                         r  r_LED_2_reg/D
  -------------------------------------------------------------------    -------------------

                         (clock sys_clk_pin rise edge)
                                                     10.000    10.000 r  
    W5                                                0.000    10.000 r  i_Clk (IN)
                         net (fo=0)                   0.000    10.000    i_Clk
    W5                   IBUF (Prop_ibuf_I_O)         1.388    11.388 r  i_Clk_IBUF_inst/O
                         net (fo=1, routed)           1.862    13.250    i_Clk_IBUF
    BUFGCTRL_X0Y0        BUFG (Prop_bufg_I_O)         0.091    13.341 r  i_Clk_IBUF_BUFG_inst/O
                         net (fo=6, routed)           1.519    14.860    i_Clk_IBUF_BUFG
    SLICE_X0Y43          FDRE                                         r  r_LED_2_reg/C
                         clock pessimism              0.299    15.159    
                         clock uncertainty           -0.035    15.124    
    SLICE_X0Y43          FDRE (Setup_fdre_C_D)        0.029    15.153    r_LED_2_reg
  -------------------------------------------------------------------
                         required time                         15.153    
                         arrival time                          -6.261    
  -------------------------------------------------------------------
                         slack                                  8.892    

Slack (MET) :             8.892ns  (required time - arrival time)
  Source:                 r_LED_3_reg/C
                            (rising edge-triggered cell FDRE clocked by sys_clk_pin  {rise@0.000ns fall@5.000ns period=10.000ns})
  Destination:            r_LED_3_reg/D
                            (rising edge-triggered cell FDRE clocked by sys_clk_pin  {rise@0.000ns fall@5.000ns period=10.000ns})
  Path Group:             sys_clk_pin
  Path Type:              Setup (Max at Slow Process Corner)
  Requirement:            10.000ns  (sys_clk_pin rise@10.000ns - sys_clk_pin rise@0.000ns)
  Data Path Delay:        1.102ns  (logic 0.580ns (52.641%)  route 0.522ns (47.359%))
  Logic Levels:           1  (LUT3=1)
  Clock Path Skew:        0.000ns (DCD - SCD + CPR)
    Destination Clock Delay (DCD):    4.849ns = ( 14.849 - 10.000 ) 
    Source Clock Delay      (SCD):    5.147ns
    Clock Pessimism Removal (CPR):    0.298ns
  Clock Uncertainty:      0.035ns  ((TSJ^2 + TIJ^2)^1/2 + DJ) / 2 + PE
    Total System Jitter     (TSJ):    0.071ns
    Total Input Jitter      (TIJ):    0.000ns
    Discrete Jitter          (DJ):    0.000ns
    Phase Error              (PE):    0.000ns

    Location             Delay type                Incr(ns)  Path(ns)    Netlist Resource(s)
  -------------------------------------------------------------------    -------------------
                         (clock sys_clk_pin rise edge)
                                                      0.000     0.000 r  
    W5                                                0.000     0.000 r  i_Clk (IN)
                         net (fo=0)                   0.000     0.000    i_Clk
    W5                   IBUF (Prop_ibuf_I_O)         1.458     1.458 r  i_Clk_IBUF_inst/O
                         net (fo=1, routed)           1.967     3.425    i_Clk_IBUF
    BUFGCTRL_X0Y0        BUFG (Prop_bufg_I_O)         0.096     3.521 r  i_Clk_IBUF_BUFG_inst/O
                         net (fo=6, routed)           1.626     5.147    i_Clk_IBUF_BUFG
    SLICE_X0Y19          FDRE                                         r  r_LED_3_reg/C
  -------------------------------------------------------------------    -------------------
    SLICE_X0Y19          FDRE (Prop_fdre_C_Q)         0.456     5.603 r  r_LED_3_reg/Q
                         net (fo=2, routed)           0.522     6.125    o_LED_3_OBUF
    SLICE_X0Y19          LUT3 (Prop_lut3_I2_O)        0.124     6.249 r  r_LED_3_i_1/O
                         net (fo=1, routed)           0.000     6.249    r_LED_3_i_1_n_0
    SLICE_X0Y19          FDRE                                         r  r_LED_3_reg/D
  -------------------------------------------------------------------    -------------------

                         (clock sys_clk_pin rise edge)
                                                     10.000    10.000 r  
    W5                                                0.000    10.000 r  i_Clk (IN)
                         net (fo=0)                   0.000    10.000    i_Clk
    W5                   IBUF (Prop_ibuf_I_O)         1.388    11.388 r  i_Clk_IBUF_inst/O
                         net (fo=1, routed)           1.862    13.250    i_Clk_IBUF
    BUFGCTRL_X0Y0        BUFG (Prop_bufg_I_O)         0.091    13.341 r  i_Clk_IBUF_BUFG_inst/O
                         net (fo=6, routed)           1.508    14.849    i_Clk_IBUF_BUFG
    SLICE_X0Y19          FDRE                                         r  r_LED_3_reg/C
                         clock pessimism              0.298    15.147    
                         clock uncertainty           -0.035    15.112    
    SLICE_X0Y19          FDRE (Setup_fdre_C_D)        0.029    15.141    r_LED_3_reg
  -------------------------------------------------------------------
                         required time                         15.141    
                         arrival time                          -6.249    
  -------------------------------------------------------------------
                         slack                                  8.892    





Min Delay Paths
--------------------------------------------------------------------------------------
Slack (MET) :             0.198ns  (arrival time - required time)
  Source:                 r_Btn_U_reg/C
                            (rising edge-triggered cell FDRE clocked by sys_clk_pin  {rise@0.000ns fall@5.000ns period=10.000ns})
  Destination:            r_LED_1_reg/D
                            (rising edge-triggered cell FDRE clocked by sys_clk_pin  {rise@0.000ns fall@5.000ns period=10.000ns})
  Path Group:             sys_clk_pin
  Path Type:              Hold (Min at Fast Process Corner)
  Requirement:            0.000ns  (sys_clk_pin rise@0.000ns - sys_clk_pin rise@0.000ns)
  Data Path Delay:        0.289ns  (logic 0.227ns (78.604%)  route 0.062ns (21.396%))
  Logic Levels:           1  (LUT3=1)
  Clock Path Skew:        0.000ns (DCD - SCD - CPR)
    Destination Clock Delay (DCD):    1.993ns
    Source Clock Delay      (SCD):    1.478ns
    Clock Pessimism Removal (CPR):    0.515ns

    Location             Delay type                Incr(ns)  Path(ns)    Netlist Resource(s)
  -------------------------------------------------------------------    -------------------
                         (clock sys_clk_pin rise edge)
                                                      0.000     0.000 r  
    W5                                                0.000     0.000 r  i_Clk (IN)
                         net (fo=0)                   0.000     0.000    i_Clk
    W5                   IBUF (Prop_ibuf_I_O)         0.226     0.226 r  i_Clk_IBUF_inst/O
                         net (fo=1, routed)           0.631     0.858    i_Clk_IBUF
    BUFGCTRL_X0Y0        BUFG (Prop_bufg_I_O)         0.026     0.884 r  i_Clk_IBUF_BUFG_inst/O
                         net (fo=6, routed)           0.595     1.478    i_Clk_IBUF_BUFG
    SLICE_X0Y3           FDRE                                         r  r_Btn_U_reg/C
  -------------------------------------------------------------------    -------------------
    SLICE_X0Y3           FDRE (Prop_fdre_C_Q)         0.128     1.606 r  r_Btn_U_reg/Q
                         net (fo=1, routed)           0.062     1.668    r_Btn_U
    SLICE_X0Y3           LUT3 (Prop_lut3_I0_O)        0.099     1.767 r  r_LED_1_i_1/O
                         net (fo=1, routed)           0.000     1.767    r_LED_1_i_1_n_0
    SLICE_X0Y3           FDRE                                         r  r_LED_1_reg/D
  -------------------------------------------------------------------    -------------------

                         (clock sys_clk_pin rise edge)
                                                      0.000     0.000 r  
    W5                                                0.000     0.000 r  i_Clk (IN)
                         net (fo=0)                   0.000     0.000    i_Clk
    W5                   IBUF (Prop_ibuf_I_O)         0.414     0.414 r  i_Clk_IBUF_inst/O
                         net (fo=1, routed)           0.685     1.099    i_Clk_IBUF
    BUFGCTRL_X0Y0        BUFG (Prop_bufg_I_O)         0.029     1.128 r  i_Clk_IBUF_BUFG_inst/O
                         net (fo=6, routed)           0.866     1.993    i_Clk_IBUF_BUFG
    SLICE_X0Y3           FDRE                                         r  r_LED_1_reg/C
                         clock pessimism             -0.515     1.478    
    SLICE_X0Y3           FDRE (Hold_fdre_C_D)         0.091     1.569    r_LED_1_reg
  -------------------------------------------------------------------
                         required time                         -1.569    
                         arrival time                           1.767    
  -------------------------------------------------------------------
                         slack                                  0.198    

Slack (MET) :             0.198ns  (arrival time - required time)
  Source:                 r_Btn_R_reg/C
                            (rising edge-triggered cell FDRE clocked by sys_clk_pin  {rise@0.000ns fall@5.000ns period=10.000ns})
  Destination:            r_LED_2_reg/D
                            (rising edge-triggered cell FDRE clocked by sys_clk_pin  {rise@0.000ns fall@5.000ns period=10.000ns})
  Path Group:             sys_clk_pin
  Path Type:              Hold (Min at Fast Process Corner)
  Requirement:            0.000ns  (sys_clk_pin rise@0.000ns - sys_clk_pin rise@0.000ns)
  Data Path Delay:        0.289ns  (logic 0.227ns (78.604%)  route 0.062ns (21.396%))
  Logic Levels:           1  (LUT3=1)
  Clock Path Skew:        0.000ns (DCD - SCD - CPR)
    Destination Clock Delay (DCD):    1.993ns
    Source Clock Delay      (SCD):    1.478ns
    Clock Pessimism Removal (CPR):    0.515ns

    Location             Delay type                Incr(ns)  Path(ns)    Netlist Resource(s)
  -------------------------------------------------------------------    -------------------
                         (clock sys_clk_pin rise edge)
                                                      0.000     0.000 r  
    W5                                                0.000     0.000 r  i_Clk (IN)
                         net (fo=0)                   0.000     0.000    i_Clk
    W5                   IBUF (Prop_ibuf_I_O)         0.226     0.226 r  i_Clk_IBUF_inst/O
                         net (fo=1, routed)           0.631     0.858    i_Clk_IBUF
    BUFGCTRL_X0Y0        BUFG (Prop_bufg_I_O)         0.026     0.884 r  i_Clk_IBUF_BUFG_inst/O
                         net (fo=6, routed)           0.595     1.478    i_Clk_IBUF_BUFG
    SLICE_X0Y43          FDRE                                         r  r_Btn_R_reg/C
  -------------------------------------------------------------------    -------------------
    SLICE_X0Y43          FDRE (Prop_fdre_C_Q)         0.128     1.606 r  r_Btn_R_reg/Q
                         net (fo=1, routed)           0.062     1.668    r_Btn_R
    SLICE_X0Y43          LUT3 (Prop_lut3_I0_O)        0.099     1.767 r  r_LED_2_i_1/O
                         net (fo=1, routed)           0.000     1.767    r_LED_2_i_1_n_0
    SLICE_X0Y43          FDRE                                         r  r_LED_2_reg/D
  -------------------------------------------------------------------    -------------------

                         (clock sys_clk_pin rise edge)
                                                      0.000     0.000 r  
    W5                                                0.000     0.000 r  i_Clk (IN)
                         net (fo=0)                   0.000     0.000    i_Clk
    W5                   IBUF (Prop_ibuf_I_O)         0.414     0.414 r  i_Clk_IBUF_inst/O
                         net (fo=1, routed)           0.685     1.099    i_Clk_IBUF
    BUFGCTRL_X0Y0        BUFG (Prop_bufg_I_O)         0.029     1.128 r  i_Clk_IBUF_BUFG_inst/O
                         net (fo=6, routed)           0.866     1.993    i_Clk_IBUF_BUFG
    SLICE_X0Y43          FDRE                                         r  r_LED_2_reg/C
                         clock pessimism             -0.515     1.478    
    SLICE_X0Y43          FDRE (Hold_fdre_C_D)         0.091     1.569    r_LED_2_reg
  -------------------------------------------------------------------
                         required time                         -1.569    
                         arrival time                           1.767    
  -------------------------------------------------------------------
                         slack                                  0.198    

Slack (MET) :             0.198ns  (arrival time - required time)
  Source:                 r_Btn_L_reg/C
                            (rising edge-triggered cell FDRE clocked by sys_clk_pin  {rise@0.000ns fall@5.000ns period=10.000ns})
  Destination:            r_LED_3_reg/D
                            (rising edge-triggered cell FDRE clocked by sys_clk_pin  {rise@0.000ns fall@5.000ns period=10.000ns})
  Path Group:             sys_clk_pin
  Path Type:              Hold (Min at Fast Process Corner)
  Requirement:            0.000ns  (sys_clk_pin rise@0.000ns - sys_clk_pin rise@0.000ns)
  Data Path Delay:        0.289ns  (logic 0.227ns (78.604%)  route 0.062ns (21.396%))
  Logic Levels:           1  (LUT3=1)
  Clock Path Skew:        0.000ns (DCD - SCD - CPR)
    Destination Clock Delay (DCD):    1.983ns
    Source Clock Delay      (SCD):    1.470ns
    Clock Pessimism Removal (CPR):    0.513ns

    Location             Delay type                Incr(ns)  Path(ns)    Netlist Resource(s)
  -------------------------------------------------------------------    -------------------
                         (clock sys_clk_pin rise edge)
                                                      0.000     0.000 r  
    W5                                                0.000     0.000 r  i_Clk (IN)
                         net (fo=0)                   0.000     0.000    i_Clk
    W5                   IBUF (Prop_ibuf_I_O)         0.226     0.226 r  i_Clk_IBUF_inst/O
                         net (fo=1, routed)           0.631     0.858    i_Clk_IBUF
    BUFGCTRL_X0Y0        BUFG (Prop_bufg_I_O)         0.026     0.884 r  i_Clk_IBUF_BUFG_inst/O
                         net (fo=6, routed)           0.587     1.470    i_Clk_IBUF_BUFG
    SLICE_X0Y19          FDRE                                         r  r_Btn_L_reg/C
  -------------------------------------------------------------------    -------------------
    SLICE_X0Y19          FDRE (Prop_fdre_C_Q)         0.128     1.598 r  r_Btn_L_reg/Q
                         net (fo=1, routed)           0.062     1.660    r_Btn_L
    SLICE_X0Y19          LUT3 (Prop_lut3_I0_O)        0.099     1.759 r  r_LED_3_i_1/O
                         net (fo=1, routed)           0.000     1.759    r_LED_3_i_1_n_0
    SLICE_X0Y19          FDRE                                         r  r_LED_3_reg/D
  -------------------------------------------------------------------    -------------------

                         (clock sys_clk_pin rise edge)
                                                      0.000     0.000 r  
    W5                                                0.000     0.000 r  i_Clk (IN)
                         net (fo=0)                   0.000     0.000    i_Clk
    W5                   IBUF (Prop_ibuf_I_O)         0.414     0.414 r  i_Clk_IBUF_inst/O
                         net (fo=1, routed)           0.685     1.099    i_Clk_IBUF
    BUFGCTRL_X0Y0        BUFG (Prop_bufg_I_O)         0.029     1.128 r  i_Clk_IBUF_BUFG_inst/O
                         net (fo=6, routed)           0.856     1.983    i_Clk_IBUF_BUFG
    SLICE_X0Y19          FDRE                                         r  r_LED_3_reg/C
                         clock pessimism             -0.513     1.470    
    SLICE_X0Y19          FDRE (Hold_fdre_C_D)         0.091     1.561    r_LED_3_reg
  -------------------------------------------------------------------
                         required time                         -1.561    
                         arrival time                           1.759    
  -------------------------------------------------------------------
                         slack                                  0.198    





Pulse Width Checks
--------------------------------------------------------------------------------------
Clock Name:         sys_clk_pin
Waveform(ns):       { 0.000 5.000 }
Period(ns):         10.000
Sources:            { i_Clk }

Check Type        Corner  Lib Pin  Reference Pin  Required(ns)  Actual(ns)  Slack(ns)  Location       Pin
Min Period        n/a     BUFG/I   n/a            2.155         10.000      7.845      BUFGCTRL_X0Y0  i_Clk_IBUF_BUFG_inst/I
Min Period        n/a     FDRE/C   n/a            1.000         10.000      9.000      SLICE_X0Y19    r_Btn_L_reg/C
Min Period        n/a     FDRE/C   n/a            1.000         10.000      9.000      SLICE_X0Y43    r_Btn_R_reg/C
Min Period        n/a     FDRE/C   n/a            1.000         10.000      9.000      SLICE_X0Y3     r_Btn_U_reg/C
Min Period        n/a     FDRE/C   n/a            1.000         10.000      9.000      SLICE_X0Y3     r_LED_1_reg/C
Min Period        n/a     FDRE/C   n/a            1.000         10.000      9.000      SLICE_X0Y43    r_LED_2_reg/C
Min Period        n/a     FDRE/C   n/a            1.000         10.000      9.000      SLICE_X0Y19    r_LED_3_reg/C
Low Pulse Width   Slow    FDRE/C   n/a            0.500         5.000       4.500      SLICE_X0Y19    r_Btn_L_reg/C
Low Pulse Width   Fast    FDRE/C   n/a            0.500         5.000       4.500      SLICE_X0Y19    r_Btn_L_reg/C
Low Pulse Width   Slow    FDRE/C   n/a            0.500         5.000       4.500      SLICE_X0Y43    r_Btn_R_reg/C
Low Pulse Width   Fast    FDRE/C   n/a            0.500         5.000       4.500      SLICE_X0Y43    r_Btn_R_reg/C
Low Pulse Width   Slow    FDRE/C   n/a            0.500         5.000       4.500      SLICE_X0Y3     r_Btn_U_reg/C
Low Pulse Width   Fast    FDRE/C   n/a            0.500         5.000       4.500      SLICE_X0Y3     r_Btn_U_reg/C
Low Pulse Width   Slow    FDRE/C   n/a            0.500         5.000       4.500      SLICE_X0Y3     r_LED_1_reg/C
Low Pulse Width   Fast    FDRE/C   n/a            0.500         5.000       4.500      SLICE_X0Y3     r_LED_1_reg/C
Low Pulse Width   Slow    FDRE/C   n/a            0.500         5.000       4.500      SLICE_X0Y43    r_LED_2_reg/C
Low Pulse Width   Fast    FDRE/C   n/a            0.500         5.000       4.500      SLICE_X0Y43    r_LED_2_reg/C
High Pulse Width  Slow    FDRE/C   n/a            0.500         5.000       4.500      SLICE_X0Y19    r_Btn_L_reg/C
High Pulse Width  Fast    FDRE/C   n/a            0.500         5.000       4.500      SLICE_X0Y19    r_Btn_L_reg/C
High Pulse Width  Slow    FDRE/C   n/a            0.500         5.000       4.500      SLICE_X0Y43    r_Btn_R_reg/C
High Pulse Width  Fast    FDRE/C   n/a            0.500         5.000       4.500      SLICE_X0Y43    r_Btn_R_reg/C
High Pulse Width  Slow    FDRE/C   n/a            0.500         5.000       4.500      SLICE_X0Y3     r_Btn_U_reg/C
High Pulse Width  Fast    FDRE/C   n/a            0.500         5.000       4.500      SLICE_X0Y3     r_Btn_U_reg/C
High Pulse Width  Slow    FDRE/C   n/a            0.500         5.000       4.500      SLICE_X0Y3     r_LED_1_reg/C
High Pulse Width  Fast    FDRE/C   n/a            0.500         5.000       4.500      SLICE_X0Y3     r_LED_1_reg/C
High Pulse Width  Slow    FDRE/C   n/a            0.500         5.000       4.500      SLICE_X0Y43    r_LED_2_reg/C
High Pulse Width  Fast    FDRE/C   n/a            0.500         5.000       4.500      SLICE_X0Y43    r_LED_2_reg/C



--------------------------------------------------------------------------------------
Path Group:  (none)
From Clock:  sys_clk_pin
  To Clock:  

Max Delay             3 Endpoints
Min Delay             3 Endpoints
--------------------------------------------------------------------------------------


Max Delay Paths
--------------------------------------------------------------------------------------
Slack:                    inf
  Source:                 r_LED_3_reg/C
                            (rising edge-triggered cell FDRE clocked by sys_clk_pin  {rise@0.000ns fall@5.000ns period=10.000ns})
  Destination:            o_LED_3
                            (output port)
  Path Group:             (none)
  Path Type:              Max at Slow Process Corner
  Data Path Delay:        5.640ns  (logic 3.957ns (70.158%)  route 1.683ns (29.842%))
  Logic Levels:           1  (OBUF=1)
  Clock Uncertainty:      0.025ns  ((TSJ^2 + TIJ^2)^1/2 + DJ) / 2 + PE
    Total System Jitter     (TSJ):    0.050ns
    Total Input Jitter      (TIJ):    0.000ns
    Discrete Jitter          (DJ):    0.000ns
    Phase Error              (PE):    0.000ns

    Location             Delay type                Incr(ns)  Path(ns)    Netlist Resource(s)
  -------------------------------------------------------------------    -------------------
                         (clock sys_clk_pin rise edge)
                                                      0.000     0.000 r  
    W5                                                0.000     0.000 r  i_Clk (IN)
                         net (fo=0)                   0.000     0.000    i_Clk
    W5                   IBUF (Prop_ibuf_I_O)         1.458     1.458 r  i_Clk_IBUF_inst/O
                         net (fo=1, routed)           1.967     3.425    i_Clk_IBUF
    BUFGCTRL_X0Y0        BUFG (Prop_bufg_I_O)         0.096     3.521 r  i_Clk_IBUF_BUFG_inst/O
                         net (fo=6, routed)           1.626     5.147    i_Clk_IBUF_BUFG
    SLICE_X0Y19          FDRE                                         r  r_LED_3_reg/C
  -------------------------------------------------------------------    -------------------
    SLICE_X0Y19          FDRE (Prop_fdre_C_Q)         0.456     5.603 r  r_LED_3_reg/Q
                         net (fo=2, routed)           1.683     7.286    o_LED_3_OBUF
    U19                  OBUF (Prop_obuf_I_O)         3.501    10.787 r  o_LED_3_OBUF_inst/O
                         net (fo=0)                   0.000    10.787    o_LED_3
    U19                                                               r  o_LED_3 (OUT)
  -------------------------------------------------------------------    -------------------

Slack:                    inf
  Source:                 r_LED_2_reg/C
                            (rising edge-triggered cell FDRE clocked by sys_clk_pin  {rise@0.000ns fall@5.000ns period=10.000ns})
  Destination:            o_LED_2
                            (output port)
  Path Group:             (none)
  Path Type:              Max at Slow Process Corner
  Data Path Delay:        5.530ns  (logic 3.986ns (72.075%)  route 1.544ns (27.925%))
  Logic Levels:           1  (OBUF=1)
  Clock Uncertainty:      0.025ns  ((TSJ^2 + TIJ^2)^1/2 + DJ) / 2 + PE
    Total System Jitter     (TSJ):    0.050ns
    Total Input Jitter      (TIJ):    0.000ns
    Discrete Jitter          (DJ):    0.000ns
    Phase Error              (PE):    0.000ns

    Location             Delay type                Incr(ns)  Path(ns)    Netlist Resource(s)
  -------------------------------------------------------------------    -------------------
                         (clock sys_clk_pin rise edge)
                                                      0.000     0.000 r  
    W5                                                0.000     0.000 r  i_Clk (IN)
                         net (fo=0)                   0.000     0.000    i_Clk
    W5                   IBUF (Prop_ibuf_I_O)         1.458     1.458 r  i_Clk_IBUF_inst/O
                         net (fo=1, routed)           1.967     3.425    i_Clk_IBUF
    BUFGCTRL_X0Y0        BUFG (Prop_bufg_I_O)         0.096     3.521 r  i_Clk_IBUF_BUFG_inst/O
                         net (fo=6, routed)           1.638     5.159    i_Clk_IBUF_BUFG
    SLICE_X0Y43          FDRE                                         r  r_LED_2_reg/C
  -------------------------------------------------------------------    -------------------
    SLICE_X0Y43          FDRE (Prop_fdre_C_Q)         0.456     5.615 r  r_LED_2_reg/Q
                         net (fo=2, routed)           1.544     7.159    o_LED_2_OBUF
    E19                  OBUF (Prop_obuf_I_O)         3.530    10.689 r  o_LED_2_OBUF_inst/O
                         net (fo=0)                   0.000    10.689    o_LED_2
    E19                                                               r  o_LED_2 (OUT)
  -------------------------------------------------------------------    -------------------

Slack:                    inf
  Source:                 r_LED_1_reg/C
                            (rising edge-triggered cell FDRE clocked by sys_clk_pin  {rise@0.000ns fall@5.000ns period=10.000ns})
  Destination:            o_LED_1
                            (output port)
  Path Group:             (none)
  Path Type:              Max at Slow Process Corner
  Data Path Delay:        5.505ns  (logic 3.961ns (71.949%)  route 1.544ns (28.051%))
  Logic Levels:           1  (OBUF=1)
  Clock Uncertainty:      0.025ns  ((TSJ^2 + TIJ^2)^1/2 + DJ) / 2 + PE
    Total System Jitter     (TSJ):    0.050ns
    Total Input Jitter      (TIJ):    0.000ns
    Discrete Jitter          (DJ):    0.000ns
    Phase Error              (PE):    0.000ns

    Location             Delay type                Incr(ns)  Path(ns)    Netlist Resource(s)
  -------------------------------------------------------------------    -------------------
                         (clock sys_clk_pin rise edge)
                                                      0.000     0.000 r  
    W5                                                0.000     0.000 r  i_Clk (IN)
                         net (fo=0)                   0.000     0.000    i_Clk
    W5                   IBUF (Prop_ibuf_I_O)         1.458     1.458 r  i_Clk_IBUF_inst/O
                         net (fo=1, routed)           1.967     3.425    i_Clk_IBUF
    BUFGCTRL_X0Y0        BUFG (Prop_bufg_I_O)         0.096     3.521 r  i_Clk_IBUF_BUFG_inst/O
                         net (fo=6, routed)           1.638     5.159    i_Clk_IBUF_BUFG
    SLICE_X0Y3           FDRE                                         r  r_LED_1_reg/C
  -------------------------------------------------------------------    -------------------
    SLICE_X0Y3           FDRE (Prop_fdre_C_Q)         0.456     5.615 r  r_LED_1_reg/Q
                         net (fo=2, routed)           1.544     7.159    o_LED_1_OBUF
    U16                  OBUF (Prop_obuf_I_O)         3.505    10.664 r  o_LED_1_OBUF_inst/O
                         net (fo=0)                   0.000    10.664    o_LED_1
    U16                                                               r  o_LED_1 (OUT)
  -------------------------------------------------------------------    -------------------





Min Delay Paths
--------------------------------------------------------------------------------------
Slack:                    inf
  Source:                 r_LED_1_reg/C
                            (rising edge-triggered cell FDRE clocked by sys_clk_pin  {rise@0.000ns fall@5.000ns period=10.000ns})
  Destination:            o_LED_1
                            (output port)
  Path Group:             (none)
  Path Type:              Min at Fast Process Corner
  Data Path Delay:        1.644ns  (logic 1.347ns (81.922%)  route 0.297ns (18.078%))
  Logic Levels:           1  (OBUF=1)
  Clock Uncertainty:      0.025ns  ((TSJ^2 + TIJ^2)^1/2 + DJ) / 2 + PE
    Total System Jitter     (TSJ):    0.050ns
    Total Input Jitter      (TIJ):    0.000ns
    Discrete Jitter          (DJ):    0.000ns
    Phase Error              (PE):    0.000ns

    Location             Delay type                Incr(ns)  Path(ns)    Netlist Resource(s)
  -------------------------------------------------------------------    -------------------
                         (clock sys_clk_pin rise edge)
                                                      0.000     0.000 r  
    W5                                                0.000     0.000 r  i_Clk (IN)
                         net (fo=0)                   0.000     0.000    i_Clk
    W5                   IBUF (Prop_ibuf_I_O)         0.226     0.226 r  i_Clk_IBUF_inst/O
                         net (fo=1, routed)           0.631     0.858    i_Clk_IBUF
    BUFGCTRL_X0Y0        BUFG (Prop_bufg_I_O)         0.026     0.884 r  i_Clk_IBUF_BUFG_inst/O
                         net (fo=6, routed)           0.595     1.478    i_Clk_IBUF_BUFG
    SLICE_X0Y3           FDRE                                         r  r_LED_1_reg/C
  -------------------------------------------------------------------    -------------------
    SLICE_X0Y3           FDRE (Prop_fdre_C_Q)         0.141     1.619 r  r_LED_1_reg/Q
                         net (fo=2, routed)           0.297     1.916    o_LED_1_OBUF
    U16                  OBUF (Prop_obuf_I_O)         1.206     3.122 r  o_LED_1_OBUF_inst/O
                         net (fo=0)                   0.000     3.122    o_LED_1
    U16                                                               r  o_LED_1 (OUT)
  -------------------------------------------------------------------    -------------------

Slack:                    inf
  Source:                 r_LED_2_reg/C
                            (rising edge-triggered cell FDRE clocked by sys_clk_pin  {rise@0.000ns fall@5.000ns period=10.000ns})
  Destination:            o_LED_2
                            (output port)
  Path Group:             (none)
  Path Type:              Min at Fast Process Corner
  Data Path Delay:        1.669ns  (logic 1.372ns (82.190%)  route 0.297ns (17.810%))
  Logic Levels:           1  (OBUF=1)
  Clock Uncertainty:      0.025ns  ((TSJ^2 + TIJ^2)^1/2 + DJ) / 2 + PE
    Total System Jitter     (TSJ):    0.050ns
    Total Input Jitter      (TIJ):    0.000ns
    Discrete Jitter          (DJ):    0.000ns
    Phase Error              (PE):    0.000ns

    Location             Delay type                Incr(ns)  Path(ns)    Netlist Resource(s)
  -------------------------------------------------------------------    -------------------
                         (clock sys_clk_pin rise edge)
                                                      0.000     0.000 r  
    W5                                                0.000     0.000 r  i_Clk (IN)
                         net (fo=0)                   0.000     0.000    i_Clk
    W5                   IBUF (Prop_ibuf_I_O)         0.226     0.226 r  i_Clk_IBUF_inst/O
                         net (fo=1, routed)           0.631     0.858    i_Clk_IBUF
    BUFGCTRL_X0Y0        BUFG (Prop_bufg_I_O)         0.026     0.884 r  i_Clk_IBUF_BUFG_inst/O
                         net (fo=6, routed)           0.595     1.478    i_Clk_IBUF_BUFG
    SLICE_X0Y43          FDRE                                         r  r_LED_2_reg/C
  -------------------------------------------------------------------    -------------------
    SLICE_X0Y43          FDRE (Prop_fdre_C_Q)         0.141     1.619 r  r_LED_2_reg/Q
                         net (fo=2, routed)           0.297     1.916    o_LED_2_OBUF
    E19                  OBUF (Prop_obuf_I_O)         1.231     3.147 r  o_LED_2_OBUF_inst/O
                         net (fo=0)                   0.000     3.147    o_LED_2
    E19                                                               r  o_LED_2 (OUT)
  -------------------------------------------------------------------    -------------------

Slack:                    inf
  Source:                 r_LED_3_reg/C
                            (rising edge-triggered cell FDRE clocked by sys_clk_pin  {rise@0.000ns fall@5.000ns period=10.000ns})
  Destination:            o_LED_3
                            (output port)
  Path Group:             (none)
  Path Type:              Min at Fast Process Corner
  Data Path Delay:        1.677ns  (logic 1.343ns (80.081%)  route 0.334ns (19.919%))
  Logic Levels:           1  (OBUF=1)
  Clock Uncertainty:      0.025ns  ((TSJ^2 + TIJ^2)^1/2 + DJ) / 2 + PE
    Total System Jitter     (TSJ):    0.050ns
    Total Input Jitter      (TIJ):    0.000ns
    Discrete Jitter          (DJ):    0.000ns
    Phase Error              (PE):    0.000ns

    Location             Delay type                Incr(ns)  Path(ns)    Netlist Resource(s)
  -------------------------------------------------------------------    -------------------
                         (clock sys_clk_pin rise edge)
                                                      0.000     0.000 r  
    W5                                                0.000     0.000 r  i_Clk (IN)
                         net (fo=0)                   0.000     0.000    i_Clk
    W5                   IBUF (Prop_ibuf_I_O)         0.226     0.226 r  i_Clk_IBUF_inst/O
                         net (fo=1, routed)           0.631     0.858    i_Clk_IBUF
    BUFGCTRL_X0Y0        BUFG (Prop_bufg_I_O)         0.026     0.884 r  i_Clk_IBUF_BUFG_inst/O
                         net (fo=6, routed)           0.587     1.470    i_Clk_IBUF_BUFG
    SLICE_X0Y19          FDRE                                         r  r_LED_3_reg/C
  -------------------------------------------------------------------    -------------------
    SLICE_X0Y19          FDRE (Prop_fdre_C_Q)         0.141     1.611 r  r_LED_3_reg/Q
                         net (fo=2, routed)           0.334     1.945    o_LED_3_OBUF
    U19                  OBUF (Prop_obuf_I_O)         1.202     3.147 r  o_LED_3_OBUF_inst/O
                         net (fo=0)                   0.000     3.147    o_LED_3
    U19                                                               r  o_LED_3 (OUT)
  -------------------------------------------------------------------    -------------------





--------------------------------------------------------------------------------------
Path Group:  (none)
From Clock:  
  To Clock:  sys_clk_pin

Max Delay             6 Endpoints
Min Delay             6 Endpoints
--------------------------------------------------------------------------------------


Max Delay Paths
--------------------------------------------------------------------------------------
Slack:                    inf
  Source:                 i_Btn_R
                            (input port)
  Destination:            r_LED_2_reg/D
                            (rising edge-triggered cell FDRE clocked by sys_clk_pin  {rise@0.000ns fall@5.000ns period=10.000ns})
  Path Group:             (none)
  Path Type:              Setup (Max at Slow Process Corner)
  Data Path Delay:        3.805ns  (logic 1.575ns (41.395%)  route 2.230ns (58.605%))
  Logic Levels:           2  (IBUF=1 LUT3=1)
  Clock Path Skew:        4.860ns (DCD - SCD + CPR)
    Destination Clock Delay (DCD):    4.860ns
    Source Clock Delay      (SCD):    0.000ns
    Clock Pessimism Removal (CPR):    0.000ns
  Clock Uncertainty:      0.025ns  ((TSJ^2 + TIJ^2)^1/2 + DJ) / 2 + PE
    Total System Jitter     (TSJ):    0.050ns
    Total Input Jitter      (TIJ):    0.000ns
    Discrete Jitter          (DJ):    0.000ns
    Phase Error              (PE):    0.000ns

    Location             Delay type                Incr(ns)  Path(ns)    Netlist Resource(s)
  -------------------------------------------------------------------    -------------------
    T17                                               0.000     0.000 r  i_Btn_R (IN)
                         net (fo=0)                   0.000     0.000    i_Btn_R
    T17                  IBUF (Prop_ibuf_I_O)         1.451     1.451 r  i_Btn_R_IBUF_inst/O
                         net (fo=2, routed)           2.230     3.681    i_Btn_R_IBUF
    SLICE_X0Y43          LUT3 (Prop_lut3_I1_O)        0.124     3.805 r  r_LED_2_i_1/O
                         net (fo=1, routed)           0.000     3.805    r_LED_2_i_1_n_0
    SLICE_X0Y43          FDRE                                         r  r_LED_2_reg/D
  -------------------------------------------------------------------    -------------------

                         (clock sys_clk_pin rise edge)
                                                      0.000     0.000 r  
    W5                                                0.000     0.000 r  i_Clk (IN)
                         net (fo=0)                   0.000     0.000    i_Clk
    W5                   IBUF (Prop_ibuf_I_O)         1.388     1.388 r  i_Clk_IBUF_inst/O
                         net (fo=1, routed)           1.862     3.250    i_Clk_IBUF
    BUFGCTRL_X0Y0        BUFG (Prop_bufg_I_O)         0.091     3.341 r  i_Clk_IBUF_BUFG_inst/O
                         net (fo=6, routed)           1.519     4.860    i_Clk_IBUF_BUFG
    SLICE_X0Y43          FDRE                                         r  r_LED_2_reg/C

Slack:                    inf
  Source:                 i_Btn_R
                            (input port)
  Destination:            r_Btn_R_reg/D
                            (rising edge-triggered cell FDRE clocked by sys_clk_pin  {rise@0.000ns fall@5.000ns period=10.000ns})
  Path Group:             (none)
  Path Type:              Setup (Max at Slow Process Corner)
  Data Path Delay:        3.221ns  (logic 1.451ns (45.052%)  route 1.770ns (54.948%))
  Logic Levels:           1  (IBUF=1)
  Clock Path Skew:        4.860ns (DCD - SCD + CPR)
    Destination Clock Delay (DCD):    4.860ns
    Source Clock Delay      (SCD):    0.000ns
    Clock Pessimism Removal (CPR):    0.000ns
  Clock Uncertainty:      0.025ns  ((TSJ^2 + TIJ^2)^1/2 + DJ) / 2 + PE
    Total System Jitter     (TSJ):    0.050ns
    Total Input Jitter      (TIJ):    0.000ns
    Discrete Jitter          (DJ):    0.000ns
    Phase Error              (PE):    0.000ns

    Location             Delay type                Incr(ns)  Path(ns)    Netlist Resource(s)
  -------------------------------------------------------------------    -------------------
    T17                                               0.000     0.000 r  i_Btn_R (IN)
                         net (fo=0)                   0.000     0.000    i_Btn_R
    T17                  IBUF (Prop_ibuf_I_O)         1.451     1.451 r  i_Btn_R_IBUF_inst/O
                         net (fo=2, routed)           1.770     3.221    i_Btn_R_IBUF
    SLICE_X0Y43          FDRE                                         r  r_Btn_R_reg/D
  -------------------------------------------------------------------    -------------------

                         (clock sys_clk_pin rise edge)
                                                      0.000     0.000 r  
    W5                                                0.000     0.000 r  i_Clk (IN)
                         net (fo=0)                   0.000     0.000    i_Clk
    W5                   IBUF (Prop_ibuf_I_O)         1.388     1.388 r  i_Clk_IBUF_inst/O
                         net (fo=1, routed)           1.862     3.250    i_Clk_IBUF
    BUFGCTRL_X0Y0        BUFG (Prop_bufg_I_O)         0.091     3.341 r  i_Clk_IBUF_BUFG_inst/O
                         net (fo=6, routed)           1.519     4.860    i_Clk_IBUF_BUFG
    SLICE_X0Y43          FDRE                                         r  r_Btn_R_reg/C

Slack:                    inf
  Source:                 i_Btn_L
                            (input port)
  Destination:            r_LED_3_reg/D
                            (rising edge-triggered cell FDRE clocked by sys_clk_pin  {rise@0.000ns fall@5.000ns period=10.000ns})
  Path Group:             (none)
  Path Type:              Setup (Max at Slow Process Corner)
  Data Path Delay:        3.138ns  (logic 1.575ns (50.195%)  route 1.563ns (49.805%))
  Logic Levels:           2  (IBUF=1 LUT3=1)
  Clock Path Skew:        4.849ns (DCD - SCD + CPR)
    Destination Clock Delay (DCD):    4.849ns
    Source Clock Delay      (SCD):    0.000ns
    Clock Pessimism Removal (CPR):    0.000ns
  Clock Uncertainty:      0.025ns  ((TSJ^2 + TIJ^2)^1/2 + DJ) / 2 + PE
    Total System Jitter     (TSJ):    0.050ns
    Total Input Jitter      (TIJ):    0.000ns
    Discrete Jitter          (DJ):    0.000ns
    Phase Error              (PE):    0.000ns

    Location             Delay type                Incr(ns)  Path(ns)    Netlist Resource(s)
  -------------------------------------------------------------------    -------------------
    W19                                               0.000     0.000 r  i_Btn_L (IN)
                         net (fo=0)                   0.000     0.000    i_Btn_L
    W19                  IBUF (Prop_ibuf_I_O)         1.451     1.451 r  i_Btn_L_IBUF_inst/O
                         net (fo=2, routed)           1.563     3.014    i_Btn_L_IBUF
    SLICE_X0Y19          LUT3 (Prop_lut3_I1_O)        0.124     3.138 r  r_LED_3_i_1/O
                         net (fo=1, routed)           0.000     3.138    r_LED_3_i_1_n_0
    SLICE_X0Y19          FDRE                                         r  r_LED_3_reg/D
  -------------------------------------------------------------------    -------------------

                         (clock sys_clk_pin rise edge)
                                                      0.000     0.000 r  
    W5                                                0.000     0.000 r  i_Clk (IN)
                         net (fo=0)                   0.000     0.000    i_Clk
    W5                   IBUF (Prop_ibuf_I_O)         1.388     1.388 r  i_Clk_IBUF_inst/O
                         net (fo=1, routed)           1.862     3.250    i_Clk_IBUF
    BUFGCTRL_X0Y0        BUFG (Prop_bufg_I_O)         0.091     3.341 r  i_Clk_IBUF_BUFG_inst/O
                         net (fo=6, routed)           1.508     4.849    i_Clk_IBUF_BUFG
    SLICE_X0Y19          FDRE                                         r  r_LED_3_reg/C

Slack:                    inf
  Source:                 i_Btn_U
                            (input port)
  Destination:            r_LED_1_reg/D
                            (rising edge-triggered cell FDRE clocked by sys_clk_pin  {rise@0.000ns fall@5.000ns period=10.000ns})
  Path Group:             (none)
  Path Type:              Setup (Max at Slow Process Corner)
  Data Path Delay:        2.839ns  (logic 1.578ns (55.567%)  route 1.262ns (44.433%))
  Logic Levels:           2  (IBUF=1 LUT3=1)
  Clock Path Skew:        4.860ns (DCD - SCD + CPR)
    Destination Clock Delay (DCD):    4.860ns
    Source Clock Delay      (SCD):    0.000ns
    Clock Pessimism Removal (CPR):    0.000ns
  Clock Uncertainty:      0.025ns  ((TSJ^2 + TIJ^2)^1/2 + DJ) / 2 + PE
    Total System Jitter     (TSJ):    0.050ns
    Total Input Jitter      (TIJ):    0.000ns
    Discrete Jitter          (DJ):    0.000ns
    Phase Error              (PE):    0.000ns

    Location             Delay type                Incr(ns)  Path(ns)    Netlist Resource(s)
  -------------------------------------------------------------------    -------------------
    T18                                               0.000     0.000 r  i_Btn_U (IN)
                         net (fo=0)                   0.000     0.000    i_Btn_U
    T18                  IBUF (Prop_ibuf_I_O)         1.454     1.454 r  i_Btn_U_IBUF_inst/O
                         net (fo=2, routed)           1.262     2.715    i_Btn_U_IBUF
    SLICE_X0Y3           LUT3 (Prop_lut3_I1_O)        0.124     2.839 r  r_LED_1_i_1/O
                         net (fo=1, routed)           0.000     2.839    r_LED_1_i_1_n_0
    SLICE_X0Y3           FDRE                                         r  r_LED_1_reg/D
  -------------------------------------------------------------------    -------------------

                         (clock sys_clk_pin rise edge)
                                                      0.000     0.000 r  
    W5                                                0.000     0.000 r  i_Clk (IN)
                         net (fo=0)                   0.000     0.000    i_Clk
    W5                   IBUF (Prop_ibuf_I_O)         1.388     1.388 r  i_Clk_IBUF_inst/O
                         net (fo=1, routed)           1.862     3.250    i_Clk_IBUF
    BUFGCTRL_X0Y0        BUFG (Prop_bufg_I_O)         0.091     3.341 r  i_Clk_IBUF_BUFG_inst/O
                         net (fo=6, routed)           1.519     4.860    i_Clk_IBUF_BUFG
    SLICE_X0Y3           FDRE                                         r  r_LED_1_reg/C

Slack:                    inf
  Source:                 i_Btn_U
                            (input port)
  Destination:            r_Btn_U_reg/D
                            (rising edge-triggered cell FDRE clocked by sys_clk_pin  {rise@0.000ns fall@5.000ns period=10.000ns})
  Path Group:             (none)
  Path Type:              Setup (Max at Slow Process Corner)
  Data Path Delay:        2.636ns  (logic 1.454ns (55.161%)  route 1.182ns (44.839%))
  Logic Levels:           1  (IBUF=1)
  Clock Path Skew:        4.860ns (DCD - SCD + CPR)
    Destination Clock Delay (DCD):    4.860ns
    Source Clock Delay      (SCD):    0.000ns
    Clock Pessimism Removal (CPR):    0.000ns
  Clock Uncertainty:      0.025ns  ((TSJ^2 + TIJ^2)^1/2 + DJ) / 2 + PE
    Total System Jitter     (TSJ):    0.050ns
    Total Input Jitter      (TIJ):    0.000ns
    Discrete Jitter          (DJ):    0.000ns
    Phase Error              (PE):    0.000ns

    Location             Delay type                Incr(ns)  Path(ns)    Netlist Resource(s)
  -------------------------------------------------------------------    -------------------
    T18                                               0.000     0.000 r  i_Btn_U (IN)
                         net (fo=0)                   0.000     0.000    i_Btn_U
    T18                  IBUF (Prop_ibuf_I_O)         1.454     1.454 r  i_Btn_U_IBUF_inst/O
                         net (fo=2, routed)           1.182     2.636    i_Btn_U_IBUF
    SLICE_X0Y3           FDRE                                         r  r_Btn_U_reg/D
  -------------------------------------------------------------------    -------------------

                         (clock sys_clk_pin rise edge)
                                                      0.000     0.000 r  
    W5                                                0.000     0.000 r  i_Clk (IN)
                         net (fo=0)                   0.000     0.000    i_Clk
    W5                   IBUF (Prop_ibuf_I_O)         1.388     1.388 r  i_Clk_IBUF_inst/O
                         net (fo=1, routed)           1.862     3.250    i_Clk_IBUF
    BUFGCTRL_X0Y0        BUFG (Prop_bufg_I_O)         0.091     3.341 r  i_Clk_IBUF_BUFG_inst/O
                         net (fo=6, routed)           1.519     4.860    i_Clk_IBUF_BUFG
    SLICE_X0Y3           FDRE                                         r  r_Btn_U_reg/C

Slack:                    inf
  Source:                 i_Btn_L
                            (input port)
  Destination:            r_Btn_L_reg/D
                            (rising edge-triggered cell FDRE clocked by sys_clk_pin  {rise@0.000ns fall@5.000ns period=10.000ns})
  Path Group:             (none)
  Path Type:              Setup (Max at Slow Process Corner)
  Data Path Delay:        2.554ns  (logic 1.451ns (56.820%)  route 1.103ns (43.180%))
  Logic Levels:           1  (IBUF=1)
  Clock Path Skew:        4.849ns (DCD - SCD + CPR)
    Destination Clock Delay (DCD):    4.849ns
    Source Clock Delay      (SCD):    0.000ns
    Clock Pessimism Removal (CPR):    0.000ns
  Clock Uncertainty:      0.025ns  ((TSJ^2 + TIJ^2)^1/2 + DJ) / 2 + PE
    Total System Jitter     (TSJ):    0.050ns
    Total Input Jitter      (TIJ):    0.000ns
    Discrete Jitter          (DJ):    0.000ns
    Phase Error              (PE):    0.000ns

    Location             Delay type                Incr(ns)  Path(ns)    Netlist Resource(s)
  -------------------------------------------------------------------    -------------------
    W19                                               0.000     0.000 r  i_Btn_L (IN)
                         net (fo=0)                   0.000     0.000    i_Btn_L
    W19                  IBUF (Prop_ibuf_I_O)         1.451     1.451 r  i_Btn_L_IBUF_inst/O
                         net (fo=2, routed)           1.103     2.554    i_Btn_L_IBUF
    SLICE_X0Y19          FDRE                                         r  r_Btn_L_reg/D
  -------------------------------------------------------------------    -------------------

                         (clock sys_clk_pin rise edge)
                                                      0.000     0.000 r  
    W5                                                0.000     0.000 r  i_Clk (IN)
                         net (fo=0)                   0.000     0.000    i_Clk
    W5                   IBUF (Prop_ibuf_I_O)         1.388     1.388 r  i_Clk_IBUF_inst/O
                         net (fo=1, routed)           1.862     3.250    i_Clk_IBUF
    BUFGCTRL_X0Y0        BUFG (Prop_bufg_I_O)         0.091     3.341 r  i_Clk_IBUF_BUFG_inst/O
                         net (fo=6, routed)           1.508     4.849    i_Clk_IBUF_BUFG
    SLICE_X0Y19          FDRE                                         r  r_Btn_L_reg/C





Min Delay Paths
--------------------------------------------------------------------------------------
Slack:                    inf
  Source:                 i_Btn_L
                            (input port)
  Destination:            r_Btn_L_reg/D
                            (rising edge-triggered cell FDRE clocked by sys_clk_pin  {rise@0.000ns fall@5.000ns period=10.000ns})
  Path Group:             (none)
  Path Type:              Hold (Min at Fast Process Corner)
  Data Path Delay:        0.651ns  (logic 0.219ns (33.686%)  route 0.432ns (66.314%))
  Logic Levels:           1  (IBUF=1)
  Clock Path Skew:        1.983ns (DCD - SCD - CPR)
    Destination Clock Delay (DCD):    1.983ns
    Source Clock Delay      (SCD):    0.000ns
    Clock Pessimism Removal (CPR):    -0.000ns

    Location             Delay type                Incr(ns)  Path(ns)    Netlist Resource(s)
  -------------------------------------------------------------------    -------------------
    W19                                               0.000     0.000 r  i_Btn_L (IN)
                         net (fo=0)                   0.000     0.000    i_Btn_L
    W19                  IBUF (Prop_ibuf_I_O)         0.219     0.219 r  i_Btn_L_IBUF_inst/O
                         net (fo=2, routed)           0.432     0.651    i_Btn_L_IBUF
    SLICE_X0Y19          FDRE                                         r  r_Btn_L_reg/D
  -------------------------------------------------------------------    -------------------

                         (clock sys_clk_pin rise edge)
                                                      0.000     0.000 r  
    W5                                                0.000     0.000 r  i_Clk (IN)
                         net (fo=0)                   0.000     0.000    i_Clk
    W5                   IBUF (Prop_ibuf_I_O)         0.414     0.414 r  i_Clk_IBUF_inst/O
                         net (fo=1, routed)           0.685     1.099    i_Clk_IBUF
    BUFGCTRL_X0Y0        BUFG (Prop_bufg_I_O)         0.029     1.128 r  i_Clk_IBUF_BUFG_inst/O
                         net (fo=6, routed)           0.856     1.983    i_Clk_IBUF_BUFG
    SLICE_X0Y19          FDRE                                         r  r_Btn_L_reg/C

Slack:                    inf
  Source:                 i_Btn_U
                            (input port)
  Destination:            r_Btn_U_reg/D
                            (rising edge-triggered cell FDRE clocked by sys_clk_pin  {rise@0.000ns fall@5.000ns period=10.000ns})
  Path Group:             (none)
  Path Type:              Hold (Min at Fast Process Corner)
  Data Path Delay:        0.706ns  (logic 0.222ns (31.444%)  route 0.484ns (68.556%))
  Logic Levels:           1  (IBUF=1)
  Clock Path Skew:        1.993ns (DCD - SCD - CPR)
    Destination Clock Delay (DCD):    1.993ns
    Source Clock Delay      (SCD):    0.000ns
    Clock Pessimism Removal (CPR):    -0.000ns

    Location             Delay type                Incr(ns)  Path(ns)    Netlist Resource(s)
  -------------------------------------------------------------------    -------------------
    T18                                               0.000     0.000 r  i_Btn_U (IN)
                         net (fo=0)                   0.000     0.000    i_Btn_U
    T18                  IBUF (Prop_ibuf_I_O)         0.222     0.222 r  i_Btn_U_IBUF_inst/O
                         net (fo=2, routed)           0.484     0.706    i_Btn_U_IBUF
    SLICE_X0Y3           FDRE                                         r  r_Btn_U_reg/D
  -------------------------------------------------------------------    -------------------

                         (clock sys_clk_pin rise edge)
                                                      0.000     0.000 r  
    W5                                                0.000     0.000 r  i_Clk (IN)
                         net (fo=0)                   0.000     0.000    i_Clk
    W5                   IBUF (Prop_ibuf_I_O)         0.414     0.414 r  i_Clk_IBUF_inst/O
                         net (fo=1, routed)           0.685     1.099    i_Clk_IBUF
    BUFGCTRL_X0Y0        BUFG (Prop_bufg_I_O)         0.029     1.128 r  i_Clk_IBUF_BUFG_inst/O
                         net (fo=6, routed)           0.866     1.993    i_Clk_IBUF_BUFG
    SLICE_X0Y3           FDRE                                         r  r_Btn_U_reg/C

Slack:                    inf
  Source:                 i_Btn_U
                            (input port)
  Destination:            r_LED_1_reg/D
                            (rising edge-triggered cell FDRE clocked by sys_clk_pin  {rise@0.000ns fall@5.000ns period=10.000ns})
  Path Group:             (none)
  Path Type:              Hold (Min at Fast Process Corner)
  Data Path Delay:        0.786ns  (logic 0.267ns (33.974%)  route 0.519ns (66.026%))
  Logic Levels:           2  (IBUF=1 LUT3=1)
  Clock Path Skew:        1.993ns (DCD - SCD - CPR)
    Destination Clock Delay (DCD):    1.993ns
    Source Clock Delay      (SCD):    0.000ns
    Clock Pessimism Removal (CPR):    -0.000ns

    Location             Delay type                Incr(ns)  Path(ns)    Netlist Resource(s)
  -------------------------------------------------------------------    -------------------
    T18                                               0.000     0.000 r  i_Btn_U (IN)
                         net (fo=0)                   0.000     0.000    i_Btn_U
    T18                  IBUF (Prop_ibuf_I_O)         0.222     0.222 r  i_Btn_U_IBUF_inst/O
                         net (fo=2, routed)           0.519     0.741    i_Btn_U_IBUF
    SLICE_X0Y3           LUT3 (Prop_lut3_I1_O)        0.045     0.786 r  r_LED_1_i_1/O
                         net (fo=1, routed)           0.000     0.786    r_LED_1_i_1_n_0
    SLICE_X0Y3           FDRE                                         r  r_LED_1_reg/D
  -------------------------------------------------------------------    -------------------

                         (clock sys_clk_pin rise edge)
                                                      0.000     0.000 r  
    W5                                                0.000     0.000 r  i_Clk (IN)
                         net (fo=0)                   0.000     0.000    i_Clk
    W5                   IBUF (Prop_ibuf_I_O)         0.414     0.414 r  i_Clk_IBUF_inst/O
                         net (fo=1, routed)           0.685     1.099    i_Clk_IBUF
    BUFGCTRL_X0Y0        BUFG (Prop_bufg_I_O)         0.029     1.128 r  i_Clk_IBUF_BUFG_inst/O
                         net (fo=6, routed)           0.866     1.993    i_Clk_IBUF_BUFG
    SLICE_X0Y3           FDRE                                         r  r_LED_1_reg/C

Slack:                    inf
  Source:                 i_Btn_L
                            (input port)
  Destination:            r_LED_3_reg/D
                            (rising edge-triggered cell FDRE clocked by sys_clk_pin  {rise@0.000ns fall@5.000ns period=10.000ns})
  Path Group:             (none)
  Path Type:              Hold (Min at Fast Process Corner)
  Data Path Delay:        0.853ns  (logic 0.264ns (30.980%)  route 0.589ns (69.020%))
  Logic Levels:           2  (IBUF=1 LUT3=1)
  Clock Path Skew:        1.983ns (DCD - SCD - CPR)
    Destination Clock Delay (DCD):    1.983ns
    Source Clock Delay      (SCD):    0.000ns
    Clock Pessimism Removal (CPR):    -0.000ns

    Location             Delay type                Incr(ns)  Path(ns)    Netlist Resource(s)
  -------------------------------------------------------------------    -------------------
    W19                                               0.000     0.000 r  i_Btn_L (IN)
                         net (fo=0)                   0.000     0.000    i_Btn_L
    W19                  IBUF (Prop_ibuf_I_O)         0.219     0.219 r  i_Btn_L_IBUF_inst/O
                         net (fo=2, routed)           0.589     0.808    i_Btn_L_IBUF
    SLICE_X0Y19          LUT3 (Prop_lut3_I1_O)        0.045     0.853 r  r_LED_3_i_1/O
                         net (fo=1, routed)           0.000     0.853    r_LED_3_i_1_n_0
    SLICE_X0Y19          FDRE                                         r  r_LED_3_reg/D
  -------------------------------------------------------------------    -------------------

                         (clock sys_clk_pin rise edge)
                                                      0.000     0.000 r  
    W5                                                0.000     0.000 r  i_Clk (IN)
                         net (fo=0)                   0.000     0.000    i_Clk
    W5                   IBUF (Prop_ibuf_I_O)         0.414     0.414 r  i_Clk_IBUF_inst/O
                         net (fo=1, routed)           0.685     1.099    i_Clk_IBUF
    BUFGCTRL_X0Y0        BUFG (Prop_bufg_I_O)         0.029     1.128 r  i_Clk_IBUF_BUFG_inst/O
                         net (fo=6, routed)           0.856     1.983    i_Clk_IBUF_BUFG
    SLICE_X0Y19          FDRE                                         r  r_LED_3_reg/C

Slack:                    inf
  Source:                 i_Btn_R
                            (input port)
  Destination:            r_Btn_R_reg/D
                            (rising edge-triggered cell FDRE clocked by sys_clk_pin  {rise@0.000ns fall@5.000ns period=10.000ns})
  Path Group:             (none)
  Path Type:              Hold (Min at Fast Process Corner)
  Data Path Delay:        0.966ns  (logic 0.219ns (22.694%)  route 0.747ns (77.306%))
  Logic Levels:           1  (IBUF=1)
  Clock Path Skew:        1.993ns (DCD - SCD - CPR)
    Destination Clock Delay (DCD):    1.993ns
    Source Clock Delay      (SCD):    0.000ns
    Clock Pessimism Removal (CPR):    -0.000ns

    Location             Delay type                Incr(ns)  Path(ns)    Netlist Resource(s)
  -------------------------------------------------------------------    -------------------
    T17                                               0.000     0.000 r  i_Btn_R (IN)
                         net (fo=0)                   0.000     0.000    i_Btn_R
    T17                  IBUF (Prop_ibuf_I_O)         0.219     0.219 r  i_Btn_R_IBUF_inst/O
                         net (fo=2, routed)           0.747     0.966    i_Btn_R_IBUF
    SLICE_X0Y43          FDRE                                         r  r_Btn_R_reg/D
  -------------------------------------------------------------------    -------------------

                         (clock sys_clk_pin rise edge)
                                                      0.000     0.000 r  
    W5                                                0.000     0.000 r  i_Clk (IN)
                         net (fo=0)                   0.000     0.000    i_Clk
    W5                   IBUF (Prop_ibuf_I_O)         0.414     0.414 r  i_Clk_IBUF_inst/O
                         net (fo=1, routed)           0.685     1.099    i_Clk_IBUF
    BUFGCTRL_X0Y0        BUFG (Prop_bufg_I_O)         0.029     1.128 r  i_Clk_IBUF_BUFG_inst/O
                         net (fo=6, routed)           0.866     1.993    i_Clk_IBUF_BUFG
    SLICE_X0Y43          FDRE                                         r  r_Btn_R_reg/C

Slack:                    inf
  Source:                 i_Btn_R
                            (input port)
  Destination:            r_LED_2_reg/D
                            (rising edge-triggered cell FDRE clocked by sys_clk_pin  {rise@0.000ns fall@5.000ns period=10.000ns})
  Path Group:             (none)
  Path Type:              Hold (Min at Fast Process Corner)
  Data Path Delay:        1.168ns  (logic 0.264ns (22.620%)  route 0.904ns (77.380%))
  Logic Levels:           2  (IBUF=1 LUT3=1)
  Clock Path Skew:        1.993ns (DCD - SCD - CPR)
    Destination Clock Delay (DCD):    1.993ns
    Source Clock Delay      (SCD):    0.000ns
    Clock Pessimism Removal (CPR):    -0.000ns

    Location             Delay type                Incr(ns)  Path(ns)    Netlist Resource(s)
  -------------------------------------------------------------------    -------------------
    T17                                               0.000     0.000 r  i_Btn_R (IN)
                         net (fo=0)                   0.000     0.000    i_Btn_R
    T17                  IBUF (Prop_ibuf_I_O)         0.219     0.219 r  i_Btn_R_IBUF_inst/O
                         net (fo=2, routed)           0.904     1.123    i_Btn_R_IBUF
    SLICE_X0Y43          LUT3 (Prop_lut3_I1_O)        0.045     1.168 r  r_LED_2_i_1/O
                         net (fo=1, routed)           0.000     1.168    r_LED_2_i_1_n_0
    SLICE_X0Y43          FDRE                                         r  r_LED_2_reg/D
  -------------------------------------------------------------------    -------------------

                         (clock sys_clk_pin rise edge)
                                                      0.000     0.000 r  
    W5                                                0.000     0.000 r  i_Clk (IN)
                         net (fo=0)                   0.000     0.000    i_Clk
    W5                   IBUF (Prop_ibuf_I_O)         0.414     0.414 r  i_Clk_IBUF_inst/O
                         net (fo=1, routed)           0.685     1.099    i_Clk_IBUF
    BUFGCTRL_X0Y0        BUFG (Prop_bufg_I_O)         0.029     1.128 r  i_Clk_IBUF_BUFG_inst/O
                         net (fo=6, routed)           0.866     1.993    i_Clk_IBUF_BUFG
    SLICE_X0Y43          FDRE                                         r  r_LED_2_reg/C





